Component: ARM Compiler 5.06 update 4 (build 422) Tool: armlink [4d35d2]

==============================================================================

Section Cross References

    app_exti.o(i.HAL_GPIO_EXTI_Callback) refers to stm32f1xx_hal_gpio.o(i.HAL_GPIO_ReadPin) for HAL_GPIO_ReadPin
    app_exti.o(i.HAL_GPIO_EXTI_Callback) refers to plc_input.o(i.plc_input_write) for plc_input_write
    app_tim.o(i.HAL_TIM_PeriodElapsedCallback) refers to plc_motor.o(i.plc_motor_pul_action) for plc_motor_pul_action
    app_usart.o(i.HAL_UART_RxCpltCallback) refers to stm32f1xx_hal_uart.o(i.HAL_UART_Receive_IT) for HAL_UART_Receive_IT
    app_usart.o(i.HAL_UART_RxCpltCallback) refers to app_usart.o(.data) for .data
    app_usart.o(i.HAL_UART_RxCpltCallback) refers to mb_serial.o(.bss) for g_mb_var_port
    app_usart.o(i.HAL_UART_TxCpltCallback) refers to mb_timer.o(i.mb_timer_snd_update) for mb_timer_snd_update
    app_usart.o(i.HAL_UART_TxCpltCallback) refers to mb_serial.o(i.mb_serial_rs485_dir) for mb_serial_rs485_dir
    app_usart.o(i.HAL_UART_TxCpltCallback) refers to mb_serial.o(.bss) for g_mb_var_port
    app_can.o(i.HAL_CAN_RxFifo1MsgPendingCallback) refers to plc_can.o(i.plc_can_receive) for plc_can_receive
    main.o(i.MX_CAN_Init) refers to stm32f1xx_hal_can.o(i.HAL_CAN_Init) for HAL_CAN_Init
    main.o(i.MX_CAN_Init) refers to main.o(.bss) for .bss
    main.o(i.MX_GPIO_Init) refers to stm32f1xx_hal_gpio.o(i.HAL_GPIO_WritePin) for HAL_GPIO_WritePin
    main.o(i.MX_GPIO_Init) refers to stm32f1xx_hal_gpio.o(i.HAL_GPIO_Init) for HAL_GPIO_Init
    main.o(i.MX_GPIO_Init) refers to stm32f1xx_hal_cortex.o(i.HAL_NVIC_SetPriority) for HAL_NVIC_SetPriority
    main.o(i.MX_GPIO_Init) refers to stm32f1xx_hal_cortex.o(i.HAL_NVIC_EnableIRQ) for HAL_NVIC_EnableIRQ
    main.o(i.MX_SPI2_Init) refers to stm32f1xx_hal_spi_ex.o(i.HAL_SPI_Init) for HAL_SPI_Init
    main.o(i.MX_SPI2_Init) refers to main.o(.bss) for .bss
    main.o(i.MX_TIM3_Init) refers to memseta.o(.text) for __aeabi_memclr4
    main.o(i.MX_TIM3_Init) refers to stm32f1xx_hal_tim.o(i.HAL_TIM_PWM_Init) for HAL_TIM_PWM_Init
    main.o(i.MX_TIM3_Init) refers to stm32f1xx_hal_tim_ex.o(i.HAL_TIMEx_MasterConfigSynchronization) for HAL_TIMEx_MasterConfigSynchronization
    main.o(i.MX_TIM3_Init) refers to stm32f1xx_hal_tim.o(i.HAL_TIM_PWM_ConfigChannel) for HAL_TIM_PWM_ConfigChannel
    main.o(i.MX_TIM3_Init) refers to stm32f1xx_hal_msp.o(i.HAL_TIM_MspPostInit) for HAL_TIM_MspPostInit
    main.o(i.MX_TIM3_Init) refers to main.o(.bss) for .bss
    main.o(i.MX_TIM5_Init) refers to stm32f1xx_hal_tim.o(i.HAL_TIM_Base_Init) for HAL_TIM_Base_Init
    main.o(i.MX_TIM5_Init) refers to stm32f1xx_hal_tim.o(i.HAL_TIM_ConfigClockSource) for HAL_TIM_ConfigClockSource
    main.o(i.MX_TIM5_Init) refers to stm32f1xx_hal_tim_ex.o(i.HAL_TIMEx_MasterConfigSynchronization) for HAL_TIMEx_MasterConfigSynchronization
    main.o(i.MX_TIM5_Init) refers to main.o(.bss) for .bss
    main.o(i.MX_TIM8_Init) refers to stm32f1xx_hal_tim.o(i.HAL_TIM_Base_Init) for HAL_TIM_Base_Init
    main.o(i.MX_TIM8_Init) refers to stm32f1xx_hal_tim.o(i.HAL_TIM_ConfigClockSource) for HAL_TIM_ConfigClockSource
    main.o(i.MX_TIM8_Init) refers to stm32f1xx_hal_tim_ex.o(i.HAL_TIMEx_MasterConfigSynchronization) for HAL_TIMEx_MasterConfigSynchronization
    main.o(i.MX_TIM8_Init) refers to main.o(.bss) for .bss
    main.o(i.SystemClock_Config) refers to memseta.o(.text) for __aeabi_memclr4
    main.o(i.SystemClock_Config) refers to stm32f1xx_hal_rcc.o(i.HAL_RCC_OscConfig) for HAL_RCC_OscConfig
    main.o(i.SystemClock_Config) refers to stm32f1xx_hal_rcc.o(i.HAL_RCC_ClockConfig) for HAL_RCC_ClockConfig
    main.o(i.main) refers to stm32f1xx_hal.o(i.HAL_Init) for HAL_Init
    main.o(i.main) refers to main.o(i.SystemClock_Config) for SystemClock_Config
    main.o(i.main) refers to main.o(i.MX_GPIO_Init) for MX_GPIO_Init
    main.o(i.main) refers to stm32f1xx_hal_uart.o(i.HAL_UART_Init) for HAL_UART_Init
    main.o(i.main) refers to stm32f1xx_hal_i2c.o(i.HAL_I2C_Init) for HAL_I2C_Init
    main.o(i.main) refers to main.o(i.MX_SPI2_Init) for MX_SPI2_Init
    main.o(i.main) refers to main.o(i.MX_TIM3_Init) for MX_TIM3_Init
    main.o(i.main) refers to stm32f1xx_hal_tim.o(i.HAL_TIM_Base_Init) for HAL_TIM_Base_Init
    main.o(i.main) refers to stm32f1xx_hal_tim_ex.o(i.HAL_TIMEx_MasterConfigSynchronization) for HAL_TIMEx_MasterConfigSynchronization
    main.o(i.main) refers to main.o(i.MX_TIM8_Init) for MX_TIM8_Init
    main.o(i.main) refers to stm32f1xx_hal_tim.o(i.HAL_TIM_ConfigClockSource) for HAL_TIM_ConfigClockSource
    main.o(i.main) refers to main.o(i.MX_TIM5_Init) for MX_TIM5_Init
    main.o(i.main) refers to main.o(i.MX_CAN_Init) for MX_CAN_Init
    main.o(i.main) refers to stm32f1xx_hal.o(i.HAL_SetTickFreq) for HAL_SetTickFreq
    main.o(i.main) refers to plc_user.o(i.plc_user_init) for plc_user_init
    main.o(i.main) refers to mb_user.o(i.mb_user_init) for mb_user_init
[...]
    .bss                                     0x20001910   Section      141  eth_type.o(.bss)
    STACK                                    0x200019a0   Section    20480  startup_stm32f103xg.o(STACK)

    Global Symbols

    Symbol Name                              Value     Ov Type        Size  Object(Section)

    BuildAttributes$$THM_ISAv4$P$D$K$B$S$PE$A:L22UL41UL21$X:L11$S22US41US21$IEEE1$IW$USESV6$~STKCKD$USESV7$~SHL$OTIME$ROPI$EBA8$MICROLIB$REQ8$PRES8$EABIv2 0x00000000   Number         0  anon$$obj.o ABSOLUTE
    __ARM_use_no_argv                        0x00000000   Number         0  main.o ABSOLUTE
    __cpp_initialize__aeabi_                  - Undefined Weak Reference
    __cxa_finalize                            - Undefined Weak Reference
    __decompress                              - Undefined Weak Reference
    _clock_init                               - Undefined Weak Reference
    _microlib_exit                            - Undefined Weak Reference
    __Vectors_Size                           0x00000130   Number         0  startup_stm32f103xg.o ABSOLUTE
    __Vectors                                0x08000000   Data           4  startup_stm32f103xg.o(RESET)
    __Vectors_End                            0x08000130   Data           0  startup_stm32f103xg.o(RESET)
    __main                                   0x08000131   Thumb Code     0  entry.o(.ARM.Collect$$$$00000000)
    _main_stk                                0x08000131   Thumb Code     0  entry2.o(.ARM.Collect$$$$00000001)
    _main_scatterload                        0x08000135   Thumb Code     0  entry5.o(.ARM.Collect$$$$00000004)
    __main_after_scatterload                 0x08000139   Thumb Code     0  entry5.o(.ARM.Collect$$$$00000004)
    _main_clock                              0x08000139   Thumb Code     0  entry7b.o(.ARM.Collect$$$$00000008)
    _main_cpp_init                           0x08000139   Thumb Code     0  entry8b.o(.ARM.Collect$$$$0000000A)
    _main_init                               0x08000139   Thumb Code     0  entry9a.o(.ARM.Collect$$$$0000000B)
    __rt_final_cpp                           0x08000141   Thumb Code     0  entry10a.o(.ARM.Collect$$$$0000000D)
    __rt_final_exit                          0x08000141   Thumb Code     0  entry11a.o(.ARM.Collect$$$$0000000F)
    Reset_Handler                            0x08000145   Thumb Code     8  startup_stm32f103xg.o(.text)
    ADC1_2_IRQHandler                        0x0800015f   Thumb Code     0  startup_stm32f103xg.o(.text)
    ADC3_IRQHandler                          0x0800015f   Thumb Code     0  startup_stm32f103xg.o(.text)
    CAN1_RX1_IRQHandler                      0x0800015f   Thumb Code     0  startup_stm32f103xg.o(.text)
    CAN1_SCE_IRQHandler                      0x0800015f   Thumb Code     0  startup_stm32f103xg.o(.text)
    DMA1_Channel1_IRQHandler                 0x0800015f   Thumb Code     0  startup_stm32f103xg.o(.text)
    DMA1_Channel2_IRQHandler                 0x0800015f   Thumb Code     0  startup_stm32f103xg.o(.text)
    DMA1_Channel3_IRQHandler                 0x0800015f   Thumb Code     0  startup_stm32f103xg.o(.text)
    DMA1_Channel4_IRQHandler                 0x0800015f   Thumb Code     0  startup_stm32f103xg.o(.text)
    DMA1_Channel5_IRQHandler                 0x0800015f   Thumb Code     0  startup_stm32f103xg.o(.text)
    DMA1_Channel6_IRQHandler                 0x0800015f   Thumb Code     0  startup_stm32f103xg.o(.text)
    DMA1_Channel7_IRQHandler                 0x0800015f   Thumb Code     0  startup_stm32f103xg.o(.text)
    DMA2_Channel1_IRQHandler                 0x0800015f   Thumb Code     0  startup_stm32f103xg.o(.text)
    DMA2_Channel2_IRQHandler                 0x0800015f   Thumb Code     0  startup_stm32f103xg.o(.text)
    DMA2_Channel3_IRQHandler                 0x0800015f   Thumb Code     0  startup_stm32f103xg.o(.text)
    DMA2_Channel4_5_IRQHandler               0x0800015f   Thumb Code     0  startup_stm32f103xg.o(.text)
    FLASH_IRQHandler                         0x0800015f   Thumb Code     0  startup_stm32f103xg.o(.text)
    FSMC_IRQHandler                          0x0800015f   Thumb Code     0  startup_stm32f103xg.o(.text)
    I2C1_ER_IRQHandler                       0x0800015f   Thumb Code     0  startup_stm32f103xg.o(.text)
    I2C2_ER_IRQHandler                       0x0800015f   Thumb Code     0  startup_stm32f103xg.o(.text)
    I2C2_EV_IRQHandler                       0x0800015f   Thumb Code     0  startup_stm32f103xg.o(.text)
    PVD_IRQHandler                           0x0800015f   Thumb Code     0  startup_stm32f103xg.o(.text)
    RCC_IRQHandler                           0x0800015f   Thumb Code     0  startup_stm32f103xg.o(.text)
    RTC_Alarm_IRQHandler                     0x0800015f   Thumb Code     0  startup_stm32f103xg.o(.text)
    RTC_IRQHandler                           0x0800015f   Thumb Code     0  startup_stm32f103xg.o(.text)
    SDIO_IRQHandler                          0x0800015f   Thumb Code     0  startup_stm32f103xg.o(.text)
    SPI1_IRQHandler                          0x0800015f   Thumb Code     0  startup_stm32f103xg.o(.text)
    SPI2_IRQHandler                          0x0800015f   Thumb Code     0  startup_stm32f103xg.o(.text)
    SPI3_IRQHandler                          0x0800015f   Thumb Code     0  startup_stm32f103xg.o(.text)
    TAMPER_IRQHandler                        0x0800015f   Thumb Code     0  startup_stm32f103xg.o(.text)
    TIM1_CC_IRQHandler                       0x0800015f   Thumb Code     0  startup_stm32f103xg.o(.text)
    TIM2_IRQHandler                          0x0800015f   Thumb Code     0  startup_stm32f103xg.o(.text)
    TIM3_IRQHandler                          0x0800015f   Thumb Code     0  startup_stm32f103xg.o(.text)
    TIM4_IRQHandler                          0x0800015f   Thumb Code     0  startup_stm32f103xg.o(.text)
    TIM8_CC_IRQHandler                       0x0800015f   Thumb Code     0  startup_stm32f103xg.o(.text)
    USBWakeUp_IRQHandler                     0x0800015f   Thumb Code     0  startup_stm32f103xg.o(.text)
    WWDG_IRQHandler                          0x0800015f   Thumb Code     0  startup_stm32f103xg.o(.text)
    __aeabi_llsr                             0x08000169   Thumb Code    32  llushr.o(.text)
    _ll_ushift_r                             0x08000169   Thumb Code     0  llushr.o(.text)
    __aeabi_memset                           0x08000189   Thumb Code    14  memseta.o(.text)
    __aeabi_memset4                          0x08000189   Thumb Code     0  memseta.o(.text)
    __aeabi_memset8                          0x08000189   Thumb Code     0  memseta.o(.text)
    __aeabi_memclr                           0x08000197   Thumb Code     4  memseta.o(.text)
    __aeabi_memclr4                          0x08000197   Thumb Code     0  memseta.o(.text)
    __aeabi_memclr8                          0x08000197   Thumb Code     0  memseta.o(.text)
    _memset$wrapper                          0x0800019b   Thumb Code    18  memseta.o(.text)
    __aeabi_fadd                             0x080001ad   Thumb Code   164  fadd.o(.text)
    __aeabi_fsub                             0x08000251   Thumb Code     6  fadd.o(.text)
    __aeabi_frsub                            0x08000257   Thumb Code     6  fadd.o(.text)
    __aeabi_fmul                             0x0800025d   Thumb Code   100  fmul.o(.text)
    __aeabi_fdiv                             0x080002c1   Thumb Code   124  fdiv.o(.text)
    __ARM_scalbnf                            0x0800033d   Thumb Code    24  fscalb.o(.text)
    scalbnf                                  0x0800033d   Thumb Code     0  fscalb.o(.text)
    __aeabi_dmul                             0x08000355   Thumb Code   228  dmul.o(.text)
    __aeabi_ui2f                             0x08000439   Thumb Code    10  ffltui.o(.text)
    __aeabi_f2uiz                            0x08000443   Thumb Code    40  ffixui.o(.text)
    __aeabi_d2iz                             0x0800046b   Thumb Code    62  dfixi.o(.text)
    __aeabi_f2d                              0x080004a9   Thumb Code    38  f2d.o(.text)
    __aeabi_cfcmpeq                          0x080004d1   Thumb Code     0  cfcmple.o(.text)
    __aeabi_cfcmple                          0x080004d1   Thumb Code    20  cfcmple.o(.text)
    __aeabi_cfrcmple                         0x080004e5   Thumb Code    20  cfrcmple.o(.text)
    __I$use$fp                               0x080004f9   Thumb Code     0  iusefp.o(.text)
    _float_round                             0x080004f9   Thumb Code    18  fepilogue.o(.text)
    _float_epilogue                          0x0800050b   Thumb Code    92  fepilogue.o(.text)
    _double_round                            0x08000567   Thumb Code    30  depilogue.o(.text)
    _double_epilogue                         0x08000585   Thumb Code   156  depilogue.o(.text)
    __scatterload                            0x08000621   Thumb Code    28  init.o(.text)
    __scatterload_rt2                        0x08000621   Thumb Code     0  init.o(.text)
    __aeabi_llsl                             0x08000645   Thumb Code    30  llshl.o(.text)
    _ll_shift_l                              0x08000645   Thumb Code     0  llshl.o(.text)
    BusFault_Handler                         0x08000663   Thumb Code     2  stm32f1xx_it.o(i.BusFault_Handler)
    Close_read_camera                        0x08000665   Thumb Code    48  plc_test.o(i.Close_read_camera)
    DebugMon_Handler                         0x080006b5   Thumb Code     2  stm32f1xx_it.o(i.DebugMon_Handler)
    EHT_GET_TICK                             0x080006b7   Thumb Code     4  eth_spi.o(i.EHT_GET_TICK)
    EHT_SPI_ReadByte1                        0x080006bd   Thumb Code    24  eth_spi.o(i.EHT_SPI_ReadByte1)
    EHT_SPI_WriteByte1                       0x080006d9   Thumb Code    20  eth_spi.o(i.EHT_SPI_WriteByte1)
    EHT_SPI_WriteByte2                       0x080006f1   Thumb Code    30  eth_spi.o(i.EHT_SPI_WriteByte2)
    ETH_SOCKET_ReadBuffer                    0x08000715   Thumb Code   208  eth_socket.o(i.ETH_SOCKET_ReadBuffer)
    ETH_SOCKET_ReadByte1                     0x080007e5   Thumb Code    46  eth_socket.o(i.ETH_SOCKET_ReadByte1)
    ETH_SOCKET_ReadByte2                     0x08000813   Thumb Code    54  eth_socket.o(i.ETH_SOCKET_ReadByte2)
    ETH_SOCKET_RemoteVarConfig               0x08000849   Thumb Code    46  eth_socket.o(i.ETH_SOCKET_RemoteVarConfig)
    ETH_SOCKET_WriteBuffer                   0x0800087d   Thumb Code   226  eth_socket.o(i.ETH_SOCKET_WriteBuffer)
    ETH_SOCKET_WriteByte1                    0x08000965   Thumb Code    48  eth_socket.o(i.ETH_SOCKET_WriteByte1)
    ETH_SOCKET_WriteByte2                    0x08000995   Thumb Code    48  eth_socket.o(i.ETH_SOCKET_WriteByte2)
    ETH_SOCKET_WriteByte4                    0x080009c5   Thumb Code    66  eth_socket.o(i.ETH_SOCKET_WriteByte4)
    ETH_SPI_SetCS                            0x08000a09   Thumb Code    26  eth_spi.o(i.ETH_SPI_SetCS)
    ETH_SPI_SetRst                           0x08000a29   Thumb Code    24  eth_spi.o(i.ETH_SPI_SetRst)
    ETH_W5500_LocalVarConfig                 0x08000a45   Thumb Code    84  eth_w5500.o(i.ETH_W5500_LocalVarConfig)
    EXTI0_IRQHandler                         0x08000aad   Thumb Code     6  stm32f1xx_it.o(i.EXTI0_IRQHandler)
    EXTI15_10_IRQHandler                     0x08000ab3   Thumb Code    54  stm32f1xx_it.o(i.EXTI15_10_IRQHandler)
    EXTI1_IRQHandler                         0x08000ae9   Thumb Code     6  stm32f1xx_it.o(i.EXTI1_IRQHandler)
    EXTI2_IRQHandler                         0x08000aef   Thumb Code     6  stm32f1xx_it.o(i.EXTI2_IRQHandler)
    EXTI3_IRQHandler                         0x08000af5   Thumb Code     6  stm32f1xx_it.o(i.EXTI3_IRQHandler)
    EXTI4_IRQHandler                         0x08000afb   Thumb Code     6  stm32f1xx_it.o(i.EXTI4_IRQHandler)
    EXTI9_5_IRQHandler                       0x08000b01   Thumb Code    40  stm32f1xx_it.o(i.EXTI9_5_IRQHandler)
    HAL_CAN_ErrorCallback                    0x08000b29   Thumb Code     2  stm32f1xx_hal_can.o(i.HAL_CAN_ErrorCallback)
    HAL_CAN_GetRxMessage                     0x08000b2b   Thumb Code   232  stm32f1xx_hal_can.o(i.HAL_CAN_GetRxMessage)
    HAL_CAN_IRQHandler                       0x08000c13   Thumb Code   508  stm32f1xx_hal_can.o(i.HAL_CAN_IRQHandler)
    HAL_CAN_Init                             0x08000e0f   Thumb Code   282  stm32f1xx_hal_can.o(i.HAL_CAN_Init)
    HAL_CAN_MspInit                          0x08000f29   Thumb Code   146  stm32f1xx_hal_msp.o(i.HAL_CAN_MspInit)
    HAL_CAN_RxFifo0FullCallback              0x08000fcd   Thumb Code     2  stm32f1xx_hal_can.o(i.HAL_CAN_RxFifo0FullCallback)
    HAL_CAN_RxFifo0MsgPendingCallback        0x08000fcf   Thumb Code     2  stm32f1xx_hal_can.o(i.HAL_CAN_RxFifo0MsgPendingCallback)
    HAL_CAN_RxFifo1FullCallback              0x08000fd1   Thumb Code     2  stm32f1xx_hal_can.o(i.HAL_CAN_RxFifo1FullCallback)
    HAL_CAN_RxFifo1MsgPendingCallback        0x08000fd5   Thumb Code    14  app_can.o(i.HAL_CAN_RxFifo1MsgPendingCallback)
    HAL_CAN_SleepCallback                    0x08000fe9   Thumb Code     2  stm32f1xx_hal_can.o(i.HAL_CAN_SleepCallback)
    HAL_CAN_TxMailbox0AbortCallback          0x08000feb   Thumb Code     2  stm32f1xx_hal_can.o(i.HAL_CAN_TxMailbox0AbortCallback)
    HAL_CAN_TxMailbox0CompleteCallback       0x08000fed   Thumb Code     2  stm32f1xx_hal_can.o(i.HAL_CAN_TxMailbox0CompleteCallback)
    HAL_CAN_TxMailbox1AbortCallback          0x08000fef   Thumb Code     2  stm32f1xx_hal_can.o(i.HAL_CAN_TxMailbox1AbortCallback)
    HAL_CAN_TxMailbox1CompleteCallback       0x08000ff1   Thumb Code     2  stm32f1xx_hal_can.o(i.HAL_CAN_TxMailbox1CompleteCallback)
    HAL_CAN_TxMailbox2AbortCallback          0x08000ff3   Thumb Code     2  stm32f1xx_hal_can.o(i.HAL_CAN_TxMailbox2AbortCallback)
    HAL_CAN_TxMailbox2CompleteCallback       0x08000ff5   Thumb Code     2  stm32f1xx_hal_can.o(i.HAL_CAN_TxMailbox2CompleteCallback)
    HAL_CAN_WakeUpFromRxMsgCallback          0x08000ff7   Thumb Code     2  stm32f1xx_hal_can.o(i.HAL_CAN_WakeUpFromRxMsgCallback)
    HAL_DMA_Abort_IT                         0x08000ff9   Thumb Code   296  stm32f1xx_hal_dma.o(i.HAL_DMA_Abort_IT)
    HAL_GPIO_EXTI_Callback                   0x08001129   Thumb Code   322  app_exti.o(i.HAL_GPIO_EXTI_Callback)
    HAL_GPIO_EXTI_IRQHandler                 0x08001279   Thumb Code    18  stm32f1xx_hal_gpio.o(i.HAL_GPIO_EXTI_IRQHandler)
    HAL_GPIO_Init                            0x08001291   Thumb Code   450  stm32f1xx_hal_gpio.o(i.HAL_GPIO_Init)
    HAL_GPIO_ReadPin                         0x0800147d   Thumb Code    10  stm32f1xx_hal_gpio.o(i.HAL_GPIO_ReadPin)
    HAL_GPIO_WritePin                        0x08001487   Thumb Code    10  stm32f1xx_hal_gpio.o(i.HAL_GPIO_WritePin)
    HAL_GetTick                              0x08001491   Thumb Code     6  stm32f1xx_hal.o(i.HAL_GetTick)
    HAL_I2C_AbortCpltCallback                0x0800149d   Thumb Code     2  stm32f1xx_hal_i2c.o(i.HAL_I2C_AbortCpltCallback)
    HAL_I2C_AddrCallback                     0x0800149f   Thumb Code     2  stm32f1xx_hal_i2c.o(i.HAL_I2C_AddrCallback)
    HAL_I2C_EV_IRQHandler                    0x080014a1   Thumb Code   486  stm32f1xx_hal_i2c.o(i.HAL_I2C_EV_IRQHandler)
    HAL_I2C_ErrorCallback                    0x08001691   Thumb Code     2  stm32f1xx_hal_i2c.o(i.HAL_I2C_ErrorCallback)
    HAL_I2C_Init                             0x08001695   Thumb Code   302  stm32f1xx_hal_i2c.o(i.HAL_I2C_Init)
    HAL_I2C_ListenCpltCallback               0x080017d5   Thumb Code     2  stm32f1xx_hal_i2c.o(i.HAL_I2C_ListenCpltCallback)
    HAL_I2C_MasterRxCpltCallback             0x080017d7   Thumb Code     2  stm32f1xx_hal_i2c.o(i.HAL_I2C_MasterRxCpltCallback)
    HAL_I2C_MasterTxCpltCallback             0x080017d9   Thumb Code     2  stm32f1xx_hal_i2c.o(i.HAL_I2C_MasterTxCpltCallback)
    HAL_I2C_MemRxCpltCallback                0x080017db   Thumb Code     2  app_i2c.o(i.HAL_I2C_MemRxCpltCallback)
    HAL_I2C_MemTxCpltCallback                0x080017dd   Thumb Code     2  app_i2c.o(i.HAL_I2C_MemTxCpltCallback)
    HAL_I2C_Mem_Read                         0x080017e1   Thumb Code   526  stm32f1xx_hal_i2c.o(i.HAL_I2C_Mem_Read)
    HAL_I2C_Mem_Write                        0x080019fd   Thumb Code   306  stm32f1xx_hal_i2c.o(i.HAL_I2C_Mem_Write)
    HAL_I2C_MspInit                          0x08001b39   Thumb Code    96  stm32f1xx_hal_msp.o(i.HAL_I2C_MspInit)
    HAL_I2C_SlaveRxCpltCallback              0x08001ba5   Thumb Code     2  stm32f1xx_hal_i2c.o(i.HAL_I2C_SlaveRxCpltCallback)
    HAL_I2C_SlaveTxCpltCallback              0x08001ba7   Thumb Code     2  stm32f1xx_hal_i2c.o(i.HAL_I2C_SlaveTxCpltCallback)
    HAL_IncTick                              0x08001ba9   Thumb Code    12  stm32f1xx_hal.o(i.HAL_IncTick)
    HAL_Init                                 0x08001bb9   Thumb Code    32  stm32f1xx_hal.o(i.HAL_Init)
    HAL_InitTick                             0x08001bdd   Thumb Code    54  stm32f1xx_hal.o(i.HAL_InitTick)
    HAL_MspInit                              0x08001c1d   Thumb Code    54  stm32f1xx_hal_msp.o(i.HAL_MspInit)
    HAL_NVIC_EnableIRQ                       0x08001c5d   Thumb Code    22  stm32f1xx_hal_cortex.o(i.HAL_NVIC_EnableIRQ)
    HAL_NVIC_SetPriority                     0x08001c75   Thumb Code    60  stm32f1xx_hal_cortex.o(i.HAL_NVIC_SetPriority)
    HAL_NVIC_SetPriorityGrouping             0x08001cb5   Thumb Code    26  stm32f1xx_hal_cortex.o(i.HAL_NVIC_SetPriorityGrouping)
    HAL_RCC_ClockConfig                      0x08001cd9   Thumb Code   342  stm32f1xx_hal_rcc.o(i.HAL_RCC_ClockConfig)
    HAL_RCC_GetPCLK1Freq                     0x08001e41   Thumb Code    20  stm32f1xx_hal_rcc.o(i.HAL_RCC_GetPCLK1Freq)
    HAL_RCC_GetPCLK2Freq                     0x08001e61   Thumb Code    20  stm32f1xx_hal_rcc.o(i.HAL_RCC_GetPCLK2Freq)
    HAL_RCC_GetSysClockFreq                  0x08001e81   Thumb Code    74  stm32f1xx_hal_rcc.o(i.HAL_RCC_GetSysClockFreq)
    HAL_RCC_OscConfig                        0x08001eed   Thumb Code   740  stm32f1xx_hal_rcc.o(i.HAL_RCC_OscConfig)
    HAL_SPI_Init                             0x080021e5   Thumb Code   130  stm32f1xx_hal_spi_ex.o(i.HAL_SPI_Init)
    HAL_SPI_MspInit                          0x08002269   Thumb Code   102  stm32f1xx_hal_msp.o(i.HAL_SPI_MspInit)
    HAL_SPI_Receive                          0x080022dd   Thumb Code   328  stm32f1xx_hal_spi.o(i.HAL_SPI_Receive)
    HAL_SPI_Transmit                         0x08002425   Thumb Code   356  stm32f1xx_hal_spi.o(i.HAL_SPI_Transmit)
    HAL_SPI_TransmitReceive                  0x08002589   Thumb Code   458  stm32f1xx_hal_spi.o(i.HAL_SPI_TransmitReceive)
    HAL_SYSTICK_Config                       0x08002753   Thumb Code    40  stm32f1xx_hal_cortex.o(i.HAL_SYSTICK_Config)
    HAL_SetTickFreq                          0x0800277d   Thumb Code    24  stm32f1xx_hal.o(i.HAL_SetTickFreq)
    HAL_TIMEx_BreakCallback                  0x08002799   Thumb Code     2  stm32f1xx_hal_tim_ex.o(i.HAL_TIMEx_BreakCallback)
    HAL_TIMEx_CommutationCallback            0x0800279b   Thumb Code     2  stm32f1xx_hal_tim_ex.o(i.HAL_TIMEx_CommutationCallback)
    HAL_TIMEx_MasterConfigSynchronization    0x0800279d   Thumb Code    80  stm32f1xx_hal_tim_ex.o(i.HAL_TIMEx_MasterConfigSynchronization)
    HAL_TIM_Base_Init                        0x080027ed   Thumb Code    54  stm32f1xx_hal_tim.o(i.HAL_TIM_Base_Init)
    HAL_TIM_Base_MspInit                     0x08002825   Thumb Code   394  stm32f1xx_hal_msp.o(i.HAL_TIM_Base_MspInit)
    HAL_TIM_Base_Start_IT                    0x080029dd   Thumb Code    24  stm32f1xx_hal_tim.o(i.HAL_TIM_Base_Start_IT)
    HAL_TIM_Base_Stop_IT                     0x080029f5   Thumb Code    42  stm32f1xx_hal_tim.o(i.HAL_TIM_Base_Stop_IT)
    HAL_TIM_ConfigClockSource                0x08002a1f   Thumb Code   240  stm32f1xx_hal_tim.o(i.HAL_TIM_ConfigClockSource)
    HAL_TIM_IC_CaptureCallback               0x08002b0f   Thumb Code     2  stm32f1xx_hal_tim.o(i.HAL_TIM_IC_CaptureCallback)
    HAL_TIM_IRQHandler                       0x08002b11   Thumb Code   358  stm32f1xx_hal_tim.o(i.HAL_TIM_IRQHandler)
    HAL_TIM_MspPostInit                      0x08002c79   Thumb Code    82  stm32f1xx_hal_msp.o(i.HAL_TIM_MspPostInit)
    HAL_TIM_OC_DelayElapsedCallback          0x08002cdd   Thumb Code     2  stm32f1xx_hal_tim.o(i.HAL_TIM_OC_DelayElapsedCallback)
    HAL_TIM_PWM_ConfigChannel                0x08002cdf   Thumb Code   208  stm32f1xx_hal_tim.o(i.HAL_TIM_PWM_ConfigChannel)
    HAL_TIM_PWM_Init                         0x08002daf   Thumb Code    54  stm32f1xx_hal_tim.o(i.HAL_TIM_PWM_Init)
    HAL_TIM_PWM_MspInit                      0x08002de5   Thumb Code    30  stm32f1xx_hal_msp.o(i.HAL_TIM_PWM_MspInit)
    HAL_TIM_PWM_PulseFinishedCallback        0x08002e0d   Thumb Code     2  stm32f1xx_hal_tim.o(i.HAL_TIM_PWM_PulseFinishedCallback)
    HAL_TIM_PWM_Start                        0x08002e11   Thumb Code    48  stm32f1xx_hal_tim.o(i.HAL_TIM_PWM_Start)
    HAL_TIM_PeriodElapsedCallback            0x08002e49   Thumb Code   106  app_tim.o(i.HAL_TIM_PeriodElapsedCallback)
    HAL_TIM_TriggerCallback                  0x08002edd   Thumb Code     2  stm32f1xx_hal_tim.o(i.HAL_TIM_TriggerCallback)
    HAL_UART_ErrorCallback                   0x08002edf   Thumb Code     2  stm32f1xx_hal_uart.o(i.HAL_UART_ErrorCallback)
    HAL_UART_IRQHandler                      0x08002ee1   Thumb Code   266  stm32f1xx_hal_uart.o(i.HAL_UART_IRQHandler)
    HAL_UART_Init                            0x08002ff1   Thumb Code    98  stm32f1xx_hal_uart.o(i.HAL_UART_Init)
    HAL_UART_MspInit                         0x08003055   Thumb Code   472  stm32f1xx_hal_msp.o(i.HAL_UART_MspInit)
    HAL_UART_Receive_IT                      0x08003255   Thumb Code    82  stm32f1xx_hal_uart.o(i.HAL_UART_Receive_IT)
    HAL_UART_RxCpltCallback                  0x080032a9   Thumb Code   104  app_usart.o(i.HAL_UART_RxCpltCallback)
    HAL_UART_Transmit                        0x0800332d   Thumb Code   186  stm32f1xx_hal_uart.o(i.HAL_UART_Transmit)
    HAL_UART_Transmit_IT                     0x080033e7   Thumb Code    62  stm32f1xx_hal_uart.o(i.HAL_UART_Transmit_IT)
    HAL_UART_TxCpltCallback                  0x08003425   Thumb Code    74  app_usart.o(i.HAL_UART_TxCpltCallback)
    HardFault_Handler                        0x08003499   Thumb Code     2  stm32f1xx_it.o(i.HardFault_Handler)
    I2C1_EV_IRQHandler                       0x0800349d   Thumb Code     6  stm32f1xx_it.o(i.I2C1_EV_IRQHandler)
    MemManage_Handler                        0x080042b5   Thumb Code     2  stm32f1xx_it.o(i.MemManage_Handler)
    NMI_Handler                              0x080042b7   Thumb Code     2  stm32f1xx_it.o(i.NMI_Handler)
    PendSV_Handler                           0x080042d9   Thumb Code     2  stm32f1xx_it.o(i.PendSV_Handler)
    SVC_Handler                              0x08004391   Thumb Code     2  stm32f1xx_it.o(i.SVC_Handler)
    SysTick_Handler                          0x08004393   Thumb Code     4  stm32f1xx_it.o(i.SysTick_Handler)
    SystemClock_Config                       0x08004397   Thumb Code    78  main.o(i.SystemClock_Config)
    SystemInit                               0x080043e5   Thumb Code    56  system_stm32f1xx.o(i.SystemInit)
    TIM1_BRK_TIM9_IRQHandler                 0x0800442d   Thumb Code     6  stm32f1xx_it.o(i.TIM1_BRK_TIM9_IRQHandler)
    TIM1_TRG_COM_TIM11_IRQHandler            0x08004439   Thumb Code     6  stm32f1xx_it.o(i.TIM1_TRG_COM_TIM11_IRQHandler)
    TIM1_UP_TIM10_IRQHandler                 0x08004445   Thumb Code     6  stm32f1xx_it.o(i.TIM1_UP_TIM10_IRQHandler)
    TIM5_IRQHandler                          0x08004451   Thumb Code     6  stm32f1xx_it.o(i.TIM5_IRQHandler)
    TIM6_IRQHandler                          0x0800445d   Thumb Code     6  stm32f1xx_it.o(i.TIM6_IRQHandler)
    TIM7_IRQHandler                          0x08004469   Thumb Code     6  stm32f1xx_it.o(i.TIM7_IRQHandler)
    TIM8_BRK_TIM12_IRQHandler                0x08004475   Thumb Code    18  stm32f1xx_it.o(i.TIM8_BRK_TIM12_IRQHandler)
    TIM8_TRG_COM_TIM14_IRQHandler            0x08004491   Thumb Code    18  stm32f1xx_it.o(i.TIM8_TRG_COM_TIM14_IRQHandler)
    TIM8_UP_TIM13_IRQHandler                 0x080044ad   Thumb Code    18  stm32f1xx_it.o(i.TIM8_UP_TIM13_IRQHandler)
    TIM_Base_SetConfig                       0x080044c9   Thumb Code   156  stm32f1xx_hal_tim.o(i.TIM_Base_SetConfig)
    TIM_CCxChannelCmd                        0x08004591   Thumb Code    22  stm32f1xx_hal_tim.o(i.TIM_CCxChannelCmd)
    TIM_OC2_SetConfig                        0x0800462d   Thumb Code    98  stm32f1xx_hal_tim.o(i.TIM_OC2_SetConfig)
    UART4_IRQHandler                         0x08004799   Thumb Code     6  stm32f1xx_it.o(i.UART4_IRQHandler)
    UART5_IRQHandler                         0x080047a5   Thumb Code     6  stm32f1xx_it.o(i.UART5_IRQHandler)
    USART1_IRQHandler                        0x08004aa9   Thumb Code     6  stm32f1xx_it.o(i.USART1_IRQHandler)
    USART2_IRQHandler                        0x08004ab5   Thumb Code     6  stm32f1xx_it.o(i.USART2_IRQHandler)
    USART3_IRQHandler                        0x08004ac1   Thumb Code     6  stm32f1xx_it.o(i.USART3_IRQHandler)
    USB_HP_CAN1_TX_IRQHandler                0x08004acd   Thumb Code     6  stm32f1xx_it.o(i.USB_HP_CAN1_TX_IRQHandler)
    USB_LP_CAN1_RX0_IRQHandler               0x08004ad9   Thumb Code     6  stm32f1xx_it.o(i.USB_LP_CAN1_RX0_IRQHandler)
    UsageFault_Handler                       0x08004ae5   Thumb Code     2  stm32f1xx_it.o(i.UsageFault_Handler)
    __scatterload_copy                       0x08004ae7   Thumb Code    14  handlers.o(i.__scatterload_copy)
    __scatterload_null                       0x08004af5   Thumb Code     2  handlers.o(i.__scatterload_null)
    __scatterload_zeroinit                   0x08004af7   Thumb Code    14  handlers.o(i.__scatterload_zeroinit)
    button_con                               0x08004b05   Thumb Code    44  plc_test.o(i.button_con)
    eMBFuncReadHoldingRegisterMaster         0x08004b35   Thumb Code   100  mb_func_holding.o(i.eMBFuncReadHoldingRegisterMaster)
    eMBFuncReadHoldingRegisterSlave          0x08004b99   Thumb Code   194  mb_func_holding.o(i.eMBFuncReadHoldingRegisterSlave)
    eMBFuncReadWriteMultipleHoldingRegisterMaster 0x08004c5b   Thumb Code     4  mb_func_holding.o(i.eMBFuncReadWriteMultipleHoldingRegisterMaster)
    eMBFuncReadWriteMultipleHoldingRegisterSlave 0x08004c5f   Thumb Code   338  mb_func_holding.o(i.eMBFuncReadWriteMultipleHoldingRegisterSlave)
    eMBFuncWriteHoldingRegisterMaster        0x08004db1   Thumb Code     4  mb_func_holding.o(i.eMBFuncWriteHoldingRegisterMaster)
    eMBFuncWriteHoldingRegisterSlave         0x08004db5   Thumb Code    76  mb_func_holding.o(i.eMBFuncWriteHoldingRegisterSlave)
    eMBFuncWriteMultipleHoldingRegisterMaster 0x08004e01   Thumb Code    32  mb_func_holding.o(i.eMBFuncWriteMultipleHoldingRegisterMaster)
    eMBFuncWriteMultipleHoldingRegisterSlave 0x08004e21   Thumb Code   324  mb_func_holding.o(i.eMBFuncWriteMultipleHoldingRegisterSlave)
    eMBRegHoldingCB                          0x08004f65   Thumb Code   216  mb_cb.o(i.eMBRegHoldingCB)
    eth_user_init                            0x08005045   Thumb Code    72  eth_user.o(i.eth_user_init)
    finishRun                                0x08005099   Thumb Code    44  plc_test.o(i.finishRun)
    main                                     0x080050c9   Thumb Code   510  main.o(i.main)
    mb_ascii_frame_conform                   0x08005315   Thumb Code    92  mb_ascii.o(i.mb_ascii_frame_conform)
    mb_ascii_init                            0x08005375   Thumb Code    74  mb_ascii.o(i.mb_ascii_init)
    mb_ascii_receive                         0x080053c9   Thumb Code   204  mb_ascii.o(i.mb_ascii_receive)
    mb_ascii_rev_adjust                      0x0800549d   Thumb Code    34  mb_ascii.o(i.mb_ascii_rev_adjust)
    mb_ascii_segmentation                    0x080054c5   Thumb Code   106  mb_ascii.o(i.mb_ascii_segmentation)
    mb_ascii_snd_frame                       0x08005535   Thumb Code    52  mb_ascii.o(i.mb_ascii_snd_frame)
    mb_err_frame                             0x0800556d   Thumb Code    88  mb_err.o(i.mb_err_frame)
    mb_master_get_buf_id                     0x080055c5   Thumb Code    30  mb_master.o(i.mb_master_get_buf_id)
    mb_port_init                             0x080055e5   Thumb Code   218  mb_port.o(i.mb_port_init)
    mb_port_poll                             0x08005701   Thumb Code   266  mb_port.o(i.mb_port_poll)
    mb_rtu_frame_conform                     0x08005815   Thumb Code   102  mb_rtu.o(i.mb_rtu_frame_conform)
    mb_rtu_init                              0x08005881   Thumb Code    80  mb_rtu.o(i.mb_rtu_init)
    mb_rtu_out                               0x080058d5   Thumb Code   204  mb_rtu.o(i.mb_rtu_out)
    mb_rtu_receive                           0x080059a5   Thumb Code    42  mb_rtu.o(i.mb_rtu_receive)
    mb_rtu_rev_adjust                        0x080059d5   Thumb Code    58  mb_rtu.o(i.mb_rtu_rev_adjust)
    mb_rtu_segmentation                      0x08005a15   Thumb Code   106  mb_rtu.o(i.mb_rtu_segmentation)
    mb_rtu_snd_frame                         0x08005a85   Thumb Code    52  mb_rtu.o(i.mb_rtu_snd_frame)
    mb_serial_frame_info                     0x08005abd   Thumb Code    56  mb_serial.o(i.mb_serial_frame_info)
    mb_serial_init                           0x08005af5   Thumb Code     4  mb_serial.o(i.mb_serial_init)
    mb_serial_rs485_dir                      0x08005af9   Thumb Code    18  mb_serial.o(i.mb_serial_rs485_dir)
    mb_serial_rxd_frame_insert               0x08005b11   Thumb Code    24  mb_serial.o(i.mb_serial_rxd_frame_insert)
    mb_serial_send                           0x08005b29   Thumb Code   184  mb_serial.o(i.mb_serial_send)
    mb_serial_txd_frame_delete               0x08005be9   Thumb Code    14  mb_serial.o(i.mb_serial_txd_frame_delete)
    mb_serial_txd_frame_insert               0x08005bf7   Thumb Code    24  mb_serial.o(i.mb_serial_txd_frame_insert)
    mb_tcp_frame_conform                     0x08005c11   Thumb Code   158  mb_tcp.o(i.mb_tcp_frame_conform)
    mb_tcp_init                              0x08005cb9   Thumb Code    38  mb_tcp.o(i.mb_tcp_init)
    mb_tcp_receive                           0x08005ce9   Thumb Code   100  mb_tcp.o(i.mb_tcp_receive)
    mb_tcp_rev_adjust                        0x08005d55   Thumb Code    34  mb_tcp.o(i.mb_tcp_rev_adjust)
    mb_tcp_segmentation                      0x08005d7d   Thumb Code   124  mb_tcp.o(i.mb_tcp_segmentation)
    mb_tcp_snd_frame                         0x08005e01   Thumb Code    52  mb_tcp.o(i.mb_tcp_snd_frame)
    mb_timer_rcv_disable                     0x08005e39   Thumb Code     8  mb_timer.o(i.mb_timer_rcv_disable)
    mb_timer_rcv_outtime                     0x08005e41   Thumb Code    26  mb_timer.o(i.mb_timer_rcv_outtime)
    mb_timer_rcv_update                      0x08005e5b   Thumb Code    20  mb_timer.o(i.mb_timer_rcv_update)
    mb_timer_snd_outtime                     0x08005e6f   Thumb Code    24  mb_timer.o(i.mb_timer_snd_outtime)
    mb_timer_snd_update                      0x08005e87   Thumb Code    20  mb_timer.o(i.mb_timer_snd_update)
    mb_user_init                             0x08005e9d   Thumb Code   480  mb_user.o(i.mb_user_init)
    mb_user_poll                             0x080060d9   Thumb Code    30  mb_user.o(i.mb_user_poll)
    motor_astaone                            0x080060fd   Thumb Code   496  plc_test.o(i.motor_astaone)
    motor_astatwo                            0x08006301   Thumb Code   410  plc_test.o(i.motor_astatwo)
    motor_step_waste_M5                      0x080064b1   Thumb Code   214  plc_test.o(i.motor_step_waste_M5)
    motor_step_waste_M6                      0x0800659d   Thumb Code   218  plc_test.o(i.motor_step_waste_M6)
    motor_step_waste_M7                      0x08006689   Thumb Code   216  plc_test.o(i.motor_step_waste_M7)
    motor_steptf                             0x08006771   Thumb Code   522  plc_test.o(i.motor_steptf)
    plc_beep_feedback                        0x08006991   Thumb Code    48  plc_beep.o(i.plc_beep_feedback)
    plc_beep_modbus_read                     0x080069c5   Thumb Code   196  plc_beep.o(i.plc_beep_modbus_read)
    plc_beep_modbus_write                    0x08006a8d   Thumb Code   196  plc_beep.o(i.plc_beep_modbus_write)
    plc_beep_scan                            0x08006b55   Thumb Code   182  plc_beep.o(i.plc_beep_scan)
    plc_beep_set                             0x08006c11   Thumb Code    28  plc_beep.o(i.plc_beep_set)
    plc_bridge_feedback                      0x08006c35   Thumb Code    52  plc_bridge.o(i.plc_bridge_feedback)
    plc_bridge_init                          0x08006c6d   Thumb Code    58  plc_bridge.o(i.plc_bridge_init)
    plc_bridge_modbus_read                   0x08006cad   Thumb Code   152  plc_bridge.o(i.plc_bridge_modbus_read)
    plc_bridge_modbus_write                  0x08006d49   Thumb Code   152  plc_bridge.o(i.plc_bridge_modbus_write)
    plc_bridge_scan                          0x08006de5   Thumb Code   144  plc_bridge.o(i.plc_bridge_scan)
    plc_bridge_set_dir                       0x08006e79   Thumb Code    64  plc_bridge.o(i.plc_bridge_set_dir)
    plc_bridge_set_value                     0x08006ec1   Thumb Code    48  plc_bridge.o(i.plc_bridge_set_value)
    plc_button_init                          0x08006ef9   Thumb Code    22  plc_button.o(i.plc_button_init)
    plc_button_run                           0x08006f15   Thumb Code    46  plc_button.o(i.plc_button_run)
    plc_button_run_beep                      0x08006f49   Thumb Code     2  plc_button.o(i.plc_button_run_beep)
    plc_button_run_bridge                    0x08006f4d   Thumb Code    66  plc_bridge.o(i.plc_button_run_bridge)
    plc_button_run_delay                     0x08006f95   Thumb Code     2  plc_button.o(i.plc_button_run_delay)
    plc_button_run_input                     0x08006f97   Thumb Code     2  plc_button.o(i.plc_button_run_input)
    plc_button_run_motor                     0x08006f99   Thumb Code    64  plc_motor.o(i.plc_button_run_motor)
    plc_button_run_switch                    0x08006fdd   Thumb Code     2  plc_button.o(i.plc_button_run_switch)
    plc_button_scan                          0x08006fe1   Thumb Code    76  plc_button.o(i.plc_button_scan)
    plc_button_stop                          0x08007035   Thumb Code    46  plc_button.o(i.plc_button_stop)
    plc_button_stop_beep                     0x08007069   Thumb Code     2  plc_button.o(i.plc_button_stop_beep)
    plc_button_stop_bridge                   0x0800706d   Thumb Code    80  plc_bridge.o(i.plc_button_stop_bridge)
    plc_button_stop_delay                    0x080070c1   Thumb Code     2  plc_button.o(i.plc_button_stop_delay)
    plc_button_stop_input                    0x080070c3   Thumb Code     2  plc_button.o(i.plc_button_stop_input)
    plc_button_stop_motor                    0x080070c5   Thumb Code   120  plc_motor.o(i.plc_button_stop_motor)
    plc_button_stop_switch                   0x08007141   Thumb Code     2  plc_button.o(i.plc_button_stop_switch)
    plc_can_receive                          0x08007145   Thumb Code    12  plc_can.o(i.plc_can_receive)
    plc_delay_feedback                       0x08007155   Thumb Code    28  plc_delay.o(i.plc_delay_feedback)
    plc_delay_scan                           0x08007175   Thumb Code    54  plc_delay.o(i.plc_delay_scan)
    plc_eep_init                             0x080071b1   Thumb Code    24  plc_eep.o(i.plc_eep_init)
    plc_eep_modbus_read                      0x080071cd   Thumb Code    46  plc_eep.o(i.plc_eep_modbus_read)
    plc_eep_modbus_write                     0x080071fb   Thumb Code    40  plc_eep.o(i.plc_eep_modbus_write)
    plc_eep_read_buf                         0x08007225   Thumb Code    58  plc_eep.o(i.plc_eep_read_buf)
    plc_eep_read_value                       0x08007265   Thumb Code    92  plc_eep.o(i.plc_eep_read_value)
    plc_eep_write_buf                        0x080072c5   Thumb Code    66  plc_eep.o(i.plc_eep_write_buf)
    plc_flow_config                          0x0800730d   Thumb Code   284  plc_flow.o(i.plc_flow_config)
    plc_flow_test_motor_scan                 0x08007435   Thumb Code    90  plc_test.o(i.plc_flow_test_motor_scan)
    plc_flow_test_scan                       0x08007499   Thumb Code    24  plc_test.o(i.plc_flow_test_scan)
    plc_flow_test_switch_scan                0x080074b5   Thumb Code  1302  plc_test.o(i.plc_flow_test_switch_scan)
    plc_input_feedback                       0x080079d5   Thumb Code    52  plc_input.o(i.plc_input_feedback)
    plc_input_init                           0x08007a0d   Thumb Code    32  plc_input.o(i.plc_input_init)
    plc_input_modbus_read                    0x08007a31   Thumb Code   108  plc_input.o(i.plc_input_modbus_read)
    plc_input_modbus_write                   0x08007aa1   Thumb Code   104  plc_input.o(i.plc_input_modbus_write)
    plc_input_read                           0x08007b0d   Thumb Code    14  plc_input.o(i.plc_input_read)
    plc_input_read_flow                      0x08007b21   Thumb Code   158  plc_input.o(i.plc_input_read_flow)
    plc_input_scan                           0x08007bcd   Thumb Code    96  plc_input.o(i.plc_input_scan)
    plc_input_write                          0x08007c31   Thumb Code    20  plc_input.o(i.plc_input_write)
    plc_modbus_adjust                        0x08007c49   Thumb Code   202  plc_modbus.o(i.plc_modbus_adjust)
    plc_modbus_read                          0x08007d13   Thumb Code   154  plc_modbus.o(i.plc_modbus_read)
    plc_modbus_write                         0x08007dad   Thumb Code   154  plc_modbus.o(i.plc_modbus_write)
    plc_motor_cur_postion                    0x08007e49   Thumb Code    14  plc_motor.o(i.plc_motor_cur_postion)
    plc_motor_cur_status                     0x08007e5d   Thumb Code    14  plc_motor.o(i.plc_motor_cur_status)
    plc_motor_curve_buf_pos                  0x08007e71   Thumb Code   274  plc_motor.o(i.plc_motor_curve_buf_pos)
    plc_motor_curve_buf_rst                  0x08007f95   Thumb Code   220  plc_motor.o(i.plc_motor_curve_buf_rst)
    plc_motor_curve_init_pos                 0x08008081   Thumb Code   132  plc_motor.o(i.plc_motor_curve_init_pos)
    plc_motor_curve_init_rst                 0x08008115   Thumb Code    96  plc_motor.o(i.plc_motor_curve_init_rst)
    plc_motor_feedback                       0x08008185   Thumb Code    58  plc_motor.o(i.plc_motor_feedback)
    plc_motor_freq_down                      0x080081c5   Thumb Code   128  plc_motor.o(i.plc_motor_freq_down)
    plc_motor_init                           0x08008251   Thumb Code    28  plc_motor.o(i.plc_motor_init)
    plc_motor_modbus_read                    0x08008271   Thumb Code   258  plc_motor.o(i.plc_motor_modbus_read)
    plc_motor_modbus_write                   0x0800837d   Thumb Code   420  plc_motor.o(i.plc_motor_modbus_write)
    plc_motor_pos_flag                       0x08008541   Thumb Code    80  plc_test.o(i.plc_motor_pos_flag)
    plc_motor_pul_action                     0x080085b1   Thumb Code    88  plc_motor.o(i.plc_motor_pul_action)
    plc_motor_pul_action_pos                 0x08008615   Thumb Code   234  plc_motor.o(i.plc_motor_pul_action_pos)
    plc_motor_pul_action_rst                 0x08008709   Thumb Code   212  plc_motor.o(i.plc_motor_pul_action_rst)
    plc_motor_scan                           0x080087e1   Thumb Code    58  plc_motor.o(i.plc_motor_scan)
    plc_motor_set_bldc_flow                  0x08008821   Thumb Code   126  plc_motor.o(i.plc_motor_set_bldc_flow)
    plc_motor_set_dir                        0x080088a9   Thumb Code    22  plc_motor.o(i.plc_motor_set_dir)
    plc_motor_set_pul                        0x080088c5   Thumb Code    14  plc_motor.o(i.plc_motor_set_pul)
    plc_motor_set_step_pos_flow              0x080088d9   Thumb Code   156  plc_motor.o(i.plc_motor_set_step_pos_flow)
    plc_motor_set_step_rst_flow              0x08008985   Thumb Code   178  plc_motor.o(i.plc_motor_set_step_rst_flow)
    plc_motor_timer_deletc                   0x08008a49   Thumb Code    40  plc_motor.o(i.plc_motor_timer_deletc)
    plc_motor_timer_insert                   0x08008a79   Thumb Code   112  plc_motor.o(i.plc_motor_timer_insert)
    plc_switch_feedback                      0x08008b19   Thumb Code    52  plc_switch.o(i.plc_switch_feedback)
    plc_switch_init                          0x08008b51   Thumb Code    22  plc_switch.o(i.plc_switch_init)
    plc_switch_modbus_read                   0x08008b69   Thumb Code   226  plc_switch.o(i.plc_switch_modbus_read)
    plc_switch_modbus_write                  0x08008c51   Thumb Code   218  plc_switch.o(i.plc_switch_modbus_write)
    plc_switch_scan                          0x08008d31   Thumb Code   224  plc_switch.o(i.plc_switch_scan)
    plc_switch_set_flow                      0x08008e15   Thumb Code   106  plc_switch.o(i.plc_switch_set_flow)
    plc_switch_set_port                      0x08008e85   Thumb Code   134  plc_switch.o(i.plc_switch_set_port)
    plc_user_init                            0x08008f19   Thumb Code    48  plc_user.o(i.plc_user_init)
    plc_user_scan                            0x08008f4d   Thumb Code    92  plc_user.o(i.plc_user_scan)
    prveMBError2Exception                    0x08008fad   Thumb Code    24  mb_utils.o(i.prveMBError2Exception)
    prvucMBLRC                               0x08008fc5   Thumb Code    28  mb_crc.o(i.prvucMBLRC)
    usMBCRC16                                0x08008fe1   Thumb Code    42  mb_crc.o(i.usMBCRC16)
    ETH_CONFIG_LOCAL_GATEWAY                 0x08009210   Data           4  eth_type.o(.constdata)
    ETH_CONFIG_LOCAL_SUBMASK                 0x08009214   Data           4  eth_type.o(.constdata)
    ETH_CONFIG_LOCAL_PHYADDR                 0x08009218   Data           6  eth_type.o(.constdata)
    ETH_CONFIG_LOCAL_IP                      0x0800921e   Data           4  eth_type.o(.constdata)
    ETH_CONFIG_MODBUS_SOCKET                 0x08009222   Data           1  eth_type.o(.constdata)
    ETH_CONFIG_MODBUS_IP                     0x08009223   Data           4  eth_type.o(.constdata)
    ETH_CONFIG_MODBUS_REMOTE_PORT            0x08009228   Data           2  eth_type.o(.constdata)
    AHBPrescTable                            0x0800922a   Data          16  system_stm32f1xx.o(.constdata)
    APBPrescTable                            0x0800923a   Data           8  system_stm32f1xx.o(.constdata)
    Region$$Table$$Base                      0x08009244   Number         0  anon$$obj.o(Region$$Table)
    Region$$Table$$Limit                     0x08009264   Number         0  anon$$obj.o(Region$$Table)
    buffer                                   0x20000000   Data           1  app_usart.o(.data)
    g_plc_flow_global_port                   0x20000004   Data           1  plc_flow.o(.data)
    p_g_flow_action_enable                   0x20000008   Data           4  plc_flow.o(.data)
    timer_motor_map                          0x20000034   Data          10  plc_motor.o(.data)
    g_eth_user_port                          0x20000110   Data           8  mb_tcp.o(.data)
    uwTickFreq                               0x20000118   Data           1  stm32f1xx_hal.o(.data)
    uwTickPrio                               0x2000011c   Data           4  stm32f1xx_hal.o(.data)
    uwTick                                   0x20000120   Data           4  stm32f1xx_hal.o(.data)
    SystemCoreClock                          0x20000124   Data           4  system_stm32f1xx.o(.data)
    hcan                                     0x20000128   Data          40  main.o(.bss)
    hi2c1                                    0x20000150   Data          84  main.o(.bss)
    hspi2                                    0x200001a4   Data          88  main.o(.bss)
    htim3                                    0x200001fc   Data          64  main.o(.bss)
    htim5                                    0x2000023c   Data          64  main.o(.bss)
    htim6                                    0x2000027c   Data          64  main.o(.bss)
    htim7                                    0x200002bc   Data          64  main.o(.bss)
    htim8                                    0x200002fc   Data          64  main.o(.bss)
    htim9                                    0x2000033c   Data          64  main.o(.bss)
    htim10                                   0x2000037c   Data          64  main.o(.bss)
    htim11                                   0x200003bc   Data          64  main.o(.bss)
    htim12                                   0x200003fc   Data          64  main.o(.bss)
    htim13                                   0x2000043c   Data          64  main.o(.bss)
    htim14                                   0x2000047c   Data          64  main.o(.bss)
    huart4                                   0x200004bc   Data          64  main.o(.bss)
    huart5                                   0x200004fc   Data          64  main.o(.bss)
    huart1                                   0x2000053c   Data          64  main.o(.bss)
    huart2                                   0x2000057c   Data          64  main.o(.bss)
    huart3                                   0x200005bc   Data          64  main.o(.bss)
    g_plc_flow_observed_port                 0x200005fc   Data         112  plc_flow.o(.bss)
    g_plc_flow_sort_port                     0x2000066c   Data          80  plc_flow.o(.bss)
    g_plc_input_port                         0x200006bc   Data         408  plc_input.o(.bss)
    g_plc_switch_port                        0x20000854   Data         576  plc_switch.o(.bss)
    g_plc_beep_port                          0x20000a94   Data          32  plc_beep.o(.bss)
    g_plc_delay_port                         0x20000ab4   Data          96  plc_delay.o(.bss)
    g_plc_button_hw_port                     0x20000b14   Data          48  plc_button.o(.bss)
    g_plc_eep_port                           0x20000b44   Data          20  plc_eep.o(.bss)
    g_plc_can_port                           0x20000b58   Data          68  plc_can.o(.bss)
    g_plc_flow_test_motor_port               0x20000b9c   Data          15  plc_test.o(.bss)
    g_plc_flow_test_switch_port              0x20000bab   Data          15  plc_test.o(.bss)
    g_plc_bridge_port                        0x20000bbc   Data         108  plc_bridge.o(.bss)
    g_plc_motor_port                         0x20000c28   Data        1536  plc_motor.o(.bss)
    pusRegHoldingBuf                         0x20001228   Data          48  mb_cb.o(.bss)
    g_mb_var_port                            0x20001258   Data        1656  mb_serial.o(.bss)
    txd_frame                                0x200018d0   Data          64  mb_serial.o(.bss)
    ETH_SOCKET_Struct                        0x20001910   Data         141  eth_type.o(.bss)
    __initial_sp                             0x200069a0   Data           0  startup_stm32f103xg.o(STACK)



==============================================================================

Memory Map of the image

  Image Entry point : 0x08000131

  Load Region LR_IROM1 (Base: 0x08000000, Size: 0x0000938c, Max: 0x00100000, ABSOLUTE)

    Execution Region ER_IROM1 (Base: 0x08000000, Size: 0x00009264, Max: 0x00100000, ABSOLUTE)

    Base Addr    Size         Type   Attr      Idx    E Section Name        Object

    0x08000000   0x00000130   Data   RO          715    RESET               startup_stm32f103xg.o
    0x08000130   0x00000000   Code   RO         5774  * .ARM.Collect$$$$00000000  mc_w.l(entry.o)
    0x08000130   0x00000004   Code   RO         5805    .ARM.Collect$$$$00000001  mc_w.l(entry2.o)
    0x08000134   0x00000004   Code   RO         5808    .ARM.Collect$$$$00000004  mc_w.l(entry5.o)
    0x08000138   0x00000000   Code   RO         5810    .ARM.Collect$$$$00000008  mc_w.l(entry7b.o)
    0x08000138   0x00000000   Code   RO         5812    .ARM.Collect$$$$0000000A  mc_w.l(entry8b.o)
    0x08000138   0x00000008   Code   RO         5813    .ARM.Collect$$$$0000000B  mc_w.l(entry9a.o)
    0x08000140   0x00000000   Code   RO         5815    .ARM.Collect$$$$0000000D  mc_w.l(entry10a.o)
    0x08000140   0x00000000   Code   RO         5817    .ARM.Collect$$$$0000000F  mc_w.l(entry11a.o)
    0x08000140   0x00000004   Code   RO         5806    .ARM.Collect$$$$00002712  mc_w.l(entry2.o)
    0x08000144   0x00000024   Code   RO          716    .text               startup_stm32f103xg.o
    0x08000168   0x00000020   Code   RO         5777    .text               mc_w.l(llushr.o)
    0x08000188   0x00000024   Code   RO         5779    .text               mc_w.l(memseta.o)
    0x080001ac   0x000000b0   Code   RO         5783    .text               mf_w.l(fadd.o)
    0x0800025c   0x00000064   Code   RO         5785    .text               mf_w.l(fmul.o)
    0x080002c0   0x0000007c   Code   RO         5787    .text               mf_w.l(fdiv.o)
    0x0800033c   0x00000018   Code   RO         5789    .text               mf_w.l(fscalb.o)
    0x08000354   0x000000e4   Code   RO         5791    .text               mf_w.l(dmul.o)
    0x08000438   0x0000000a   Code   RO         5793    .text               mf_w.l(ffltui.o)
    0x08000442   0x00000028   Code   RO         5795    .text               mf_w.l(ffixui.o)
    0x0800046a   0x0000003e   Code   RO         5797    .text               mf_w.l(dfixi.o)
    0x080004a8   0x00000026   Code   RO         5799    .text               mf_w.l(f2d.o)
    0x080004ce   0x00000002   PAD
    0x080004d0   0x00000014   Code   RO         5801    .text               mf_w.l(cfcmple.o)
    0x080004e4   0x00000014   Code   RO         5803    .text               mf_w.l(cfrcmple.o)
    0x080004f8   0x00000000   Code   RO         5819    .text               mc_w.l(iusefp.o)
    0x080004f8   0x0000006e   Code   RO         5820    .text               mf_w.l(fepilogue.o)
    0x08000566   0x000000ba   Code   RO         5822    .text               mf_w.l(depilogue.o)
    0x08000620   0x00000024   Code   RO         5824    .text               mc_w.l(init.o)
    0x08000644   0x0000001e   Code   RO         5826    .text               mc_w.l(llshl.o)
    0x08000662   0x00000002   Code   RO          395    i.BusFault_Handler  stm32f1xx_it.o
    0x08000664   0x00000050   Code   RO         1328    i.Close_read_camera  plc_test.o
    0x080006b4   0x00000002   Code   RO          396    i.DebugMon_Handler  stm32f1xx_it.o
    0x080006b6   0x00000004   Code   RO         2520    i.EHT_GET_TICK      eth_spi.o
    0x080006ba   0x00000002   PAD
    0x080006bc   0x0000001c   Code   RO         2478    i.EHT_SPI_ReadByte1  eth_spi.o
    0x080006d8   0x00000018   Code   RO         2514    i.EHT_SPI_WriteByte1  eth_spi.o
    0x080006f0   0x00000024   Code   RO         2479    i.EHT_SPI_WriteByte2  eth_spi.o
    0x08000714   0x000000d0   Code   RO         2372    i.ETH_SOCKET_ReadBuffer  eth_socket.o
    0x080007e4   0x0000002e   Code   RO         2373    i.ETH_SOCKET_ReadByte1  eth_socket.o
    0x08000812   0x00000036   Code   RO         2374    i.ETH_SOCKET_ReadByte2  eth_socket.o
    0x08000848   0x00000034   Code   RO         2377    i.ETH_SOCKET_RemoteVarConfig  eth_socket.o
    0x0800087c   0x000000e8   Code   RO         2380    i.ETH_SOCKET_WriteBuffer  eth_socket.o
    0x08000964   0x00000030   Code   RO         2381    i.ETH_SOCKET_WriteByte1  eth_socket.o
    0x08000994   0x00000030   Code   RO         2382    i.ETH_SOCKET_WriteByte2  eth_socket.o
    0x080009c4   0x00000042   Code   RO         2383    i.ETH_SOCKET_WriteByte4  eth_socket.o
    0x08000a06   0x00000002   PAD
    0x08000a08   0x00000020   Code   RO         2480    i.ETH_SPI_SetCS     eth_spi.o
    0x08000a28   0x0000001c   Code   RO         2481    i.ETH_SPI_SetRst    eth_spi.o
    0x08000a44   0x00000068   Code   RO         2552    i.ETH_W5500_LocalVarConfig  eth_w5500.o
    0x08000aac   0x00000006   Code   RO          397    i.EXTI0_IRQHandler  stm32f1xx_it.o
    0x08000ab2   0x00000036   Code   RO          398    i.EXTI15_10_IRQHandler  stm32f1xx_it.o
    0x08000ae8   0x00000006   Code   RO          399    i.EXTI1_IRQHandler  stm32f1xx_it.o
    0x08000aee   0x00000006   Code   RO          400    i.EXTI2_IRQHandler  stm32f1xx_it.o
    0x08000af4   0x00000006   Code   RO          401    i.EXTI3_IRQHandler  stm32f1xx_it.o
    0x08000afa   0x00000006   Code   RO          402    i.EXTI4_IRQHandler  stm32f1xx_it.o
    0x08000b00   0x00000028   Code   RO          403    i.EXTI9_5_IRQHandler  stm32f1xx_it.o
    0x08000b28   0x00000002   Code   RO         2660    i.HAL_CAN_ErrorCallback  stm32f1xx_hal_can.o
    0x08000b2a   0x000000e8   Code   RO         2663    i.HAL_CAN_GetRxMessage  stm32f1xx_hal_can.o
    0x08000c12   0x000001fc   Code   RO         2667    i.HAL_CAN_IRQHandler  stm32f1xx_hal_can.o
    0x08000e0e   0x0000011a   Code   RO         2668    i.HAL_CAN_Init      stm32f1xx_hal_can.o
    0x08000f28   0x000000a4   Code   RO          615    i.HAL_CAN_MspInit   stm32f1xx_hal_msp.o
    0x08000fcc   0x00000002   Code   RO         2675    i.HAL_CAN_RxFifo0FullCallback  stm32f1xx_hal_can.o
    0x08000fce   0x00000002   Code   RO         2676    i.HAL_CAN_RxFifo0MsgPendingCallback  stm32f1xx_hal_can.o
    0x08000fd0   0x00000002   Code   RO         2677    i.HAL_CAN_RxFifo1FullCallback  stm32f1xx_hal_can.o
    0x08000fd2   0x00000002   PAD
    0x08000fd4   0x00000014   Code   RO          274    i.HAL_CAN_RxFifo1MsgPendingCallback  app_can.o
    0x08000fe8   0x00000002   Code   RO         2679    i.HAL_CAN_SleepCallback  stm32f1xx_hal_can.o
    0x08000fea   0x00000002   Code   RO         2682    i.HAL_CAN_TxMailbox0AbortCallback  stm32f1xx_hal_can.o
    0x08000fec   0x00000002   Code   RO         2683    i.HAL_CAN_TxMailbox0CompleteCallback  stm32f1xx_hal_can.o
    0x08000fee   0x00000002   Code   RO         2684    i.HAL_CAN_TxMailbox1AbortCallback  stm32f1xx_hal_can.o
    0x08000ff0   0x00000002   Code   RO         2685    i.HAL_CAN_TxMailbox1CompleteCallback  stm32f1xx_hal_can.o
    0x08000ff2   0x00000002   Code   RO         2686    i.HAL_CAN_TxMailbox2AbortCallback  stm32f1xx_hal_can.o
    0x08000ff4   0x00000002   Code   RO         2687    i.HAL_CAN_TxMailbox2CompleteCallback  stm32f1xx_hal_can.o
    0x08000ff6   0x00000002   Code   RO         2689    i.HAL_CAN_WakeUpFromRxMsgCallback  stm32f1xx_hal_can.o
    0x08000ff8   0x00000130   Code   RO         5191    i.HAL_DMA_Abort_IT  stm32f1xx_hal_dma.o
    0x08001128   0x00000150   Code   RO            4    i.HAL_GPIO_EXTI_Callback  app_exti.o
    0x08001278   0x00000018   Code   RO         5125    i.HAL_GPIO_EXTI_IRQHandler  stm32f1xx_hal_gpio.o
    0x08001290   0x000001ec   Code   RO         5126    i.HAL_GPIO_Init     stm32f1xx_hal_gpio.o
    0x0800147c   0x0000000a   Code   RO         5128    i.HAL_GPIO_ReadPin  stm32f1xx_hal_gpio.o
    0x08001486   0x0000000a   Code   RO         5130    i.HAL_GPIO_WritePin  stm32f1xx_hal_gpio.o
    0x08001490   0x0000000c   Code   RO         4834    i.HAL_GetTick       stm32f1xx_hal.o
    0x0800149c   0x00000002   Code   RO         2888    i.HAL_I2C_AbortCpltCallback  stm32f1xx_hal_i2c.o
    0x0800149e   0x00000002   Code   RO         2889    i.HAL_I2C_AddrCallback  stm32f1xx_hal_i2c.o
    0x080014a0   0x000001f0   Code   RO         2893    i.HAL_I2C_EV_IRQHandler  stm32f1xx_hal_i2c.o
    0x08001690   0x00000002   Code   RO         2895    i.HAL_I2C_ErrorCallback  stm32f1xx_hal_i2c.o
    0x08001692   0x00000002   PAD
    0x08001694   0x00000140   Code   RO         2899    i.HAL_I2C_Init      stm32f1xx_hal_i2c.o
    0x080017d4   0x00000002   Code   RO         2901    i.HAL_I2C_ListenCpltCallback  stm32f1xx_hal_i2c.o
    0x080017d6   0x00000002   Code   RO         2902    i.HAL_I2C_MasterRxCpltCallback  stm32f1xx_hal_i2c.o
    0x080017d8   0x00000002   Code   RO         2903    i.HAL_I2C_MasterTxCpltCallback  stm32f1xx_hal_i2c.o
    0x080017da   0x00000002   Code   RO          241    i.HAL_I2C_MemRxCpltCallback  app_i2c.o
    0x080017dc   0x00000002   Code   RO          242    i.HAL_I2C_MemTxCpltCallback  app_i2c.o
    0x080017de   0x00000002   PAD
    0x080017e0   0x0000021c   Code   RO         2915    i.HAL_I2C_Mem_Read  stm32f1xx_hal_i2c.o
    0x080019fc   0x0000013c   Code   RO         2918    i.HAL_I2C_Mem_Write  stm32f1xx_hal_i2c.o
    0x08001b38   0x0000006c   Code   RO          617    i.HAL_I2C_MspInit   stm32f1xx_hal_msp.o
    0x08001ba4   0x00000002   Code   RO         2923    i.HAL_I2C_SlaveRxCpltCallback  stm32f1xx_hal_i2c.o
    0x08001ba6   0x00000002   Code   RO         2924    i.HAL_I2C_SlaveTxCpltCallback  stm32f1xx_hal_i2c.o
    0x08001ba8   0x00000010   Code   RO         4838    i.HAL_IncTick       stm32f1xx_hal.o
    0x08001bb8   0x00000024   Code   RO         4839    i.HAL_Init          stm32f1xx_hal.o
    0x08001bdc   0x00000040   Code   RO         4840    i.HAL_InitTick      stm32f1xx_hal.o
    0x08001c1c   0x00000040   Code   RO          618    i.HAL_MspInit       stm32f1xx_hal_msp.o
    0x08001c5c   0x00000016   Code   RO         5289    i.HAL_NVIC_EnableIRQ  stm32f1xx_hal_cortex.o
    0x08001c72   0x00000002   PAD
    0x08001c74   0x00000040   Code   RO         5295    i.HAL_NVIC_SetPriority  stm32f1xx_hal_cortex.o
    0x08001cb4   0x00000024   Code   RO         5296    i.HAL_NVIC_SetPriorityGrouping  stm32f1xx_hal_cortex.o
    0x08001cd8   0x00000168   Code   RO         4986    i.HAL_RCC_ClockConfig  stm32f1xx_hal_rcc.o
    0x08001e40   0x00000020   Code   RO         4993    i.HAL_RCC_GetPCLK1Freq  stm32f1xx_hal_rcc.o
    0x08001e60   0x00000020   Code   RO         4994    i.HAL_RCC_GetPCLK2Freq  stm32f1xx_hal_rcc.o
    0x08001e80   0x0000006c   Code   RO         4995    i.HAL_RCC_GetSysClockFreq  stm32f1xx_hal_rcc.o
    0x08001eec   0x000002f8   Code   RO         4998    i.HAL_RCC_OscConfig  stm32f1xx_hal_rcc.o
    0x080021e4   0x00000082   Code   RO         3609    i.HAL_SPI_Init      stm32f1xx_hal_spi_ex.o
    0x08002266   0x00000002   PAD
    0x08002268   0x00000074   Code   RO          620    i.HAL_SPI_MspInit   stm32f1xx_hal_msp.o
    0x080022dc   0x00000148   Code   RO         3300    i.HAL_SPI_Receive   stm32f1xx_hal_spi.o
    0x08002424   0x00000164   Code   RO         3305    i.HAL_SPI_Transmit  stm32f1xx_hal_spi.o
    0x08002588   0x000001ca   Code   RO         3306    i.HAL_SPI_TransmitReceive  stm32f1xx_hal_spi.o
    0x08002752   0x00000028   Code   RO         5300    i.HAL_SYSTICK_Config  stm32f1xx_hal_cortex.o
    0x0800277a   0x00000002   PAD
    0x0800277c   0x0000001c   Code   RO         4844    i.HAL_SetTickFreq   stm32f1xx_hal.o
    0x08002798   0x00000002   Code   RO         4264    i.HAL_TIMEx_BreakCallback  stm32f1xx_hal_tim_ex.o
    0x0800279a   0x00000002   Code   RO         4265    i.HAL_TIMEx_CommutationCallback  stm32f1xx_hal_tim_ex.o
    0x0800279c   0x00000050   Code   RO         4281    i.HAL_TIMEx_MasterConfigSynchronization  stm32f1xx_hal_tim_ex.o
    0x080027ec   0x00000036   Code   RO         3635    i.HAL_TIM_Base_Init  stm32f1xx_hal_tim.o
    0x08002822   0x00000002   PAD
    0x08002824   0x000001b8   Code   RO          622    i.HAL_TIM_Base_MspInit  stm32f1xx_hal_msp.o
    0x080029dc   0x00000018   Code   RO         3640    i.HAL_TIM_Base_Start_IT  stm32f1xx_hal_tim.o
    0x080029f4   0x0000002a   Code   RO         3643    i.HAL_TIM_Base_Stop_IT  stm32f1xx_hal_tim.o
    0x08002a1e   0x000000f0   Code   RO         3644    i.HAL_TIM_ConfigClockSource  stm32f1xx_hal_tim.o
    0x08002b0e   0x00000002   Code   RO         3664    i.HAL_TIM_IC_CaptureCallback  stm32f1xx_hal_tim.o
    0x08002b10   0x00000166   Code   RO         3677    i.HAL_TIM_IRQHandler  stm32f1xx_hal_tim.o
    0x08002c76   0x00000002   PAD
    0x08002c78   0x00000064   Code   RO          623    i.HAL_TIM_MspPostInit  stm32f1xx_hal_msp.o
    0x08002cdc   0x00000002   Code   RO         3680    i.HAL_TIM_OC_DelayElapsedCallback  stm32f1xx_hal_tim.o
    0x08002cde   0x000000d0   Code   RO         3701    i.HAL_TIM_PWM_ConfigChannel  stm32f1xx_hal_tim.o
    0x08002dae   0x00000036   Code   RO         3704    i.HAL_TIM_PWM_Init  stm32f1xx_hal_tim.o
    0x08002de4   0x00000028   Code   RO          625    i.HAL_TIM_PWM_MspInit  stm32f1xx_hal_msp.o
    0x08002e0c   0x00000002   Code   RO         3707    i.HAL_TIM_PWM_PulseFinishedCallback  stm32f1xx_hal_tim.o
    0x08002e0e   0x00000002   PAD
    0x08002e10   0x00000038   Code   RO         3708    i.HAL_TIM_PWM_Start  stm32f1xx_hal_tim.o
    0x08002e48   0x00000094   Code   RO          145    i.HAL_TIM_PeriodElapsedCallback  app_tim.o
    0x08002edc   0x00000002   Code   RO         3718    i.HAL_TIM_TriggerCallback  stm32f1xx_hal_tim.o
    0x08002ede   0x00000002   Code   RO         4518    i.HAL_UART_ErrorCallback  stm32f1xx_hal_uart.o
    0x08002ee0   0x00000110   Code   RO         4521    i.HAL_UART_IRQHandler  stm32f1xx_hal_uart.o
    0x08002ff0   0x00000062   Code   RO         4522    i.HAL_UART_Init     stm32f1xx_hal_uart.o
    0x08003052   0x00000002   PAD
    0x08003054   0x00000200   Code   RO          627    i.HAL_UART_MspInit  stm32f1xx_hal_msp.o
    0x08003254   0x00000052   Code   RO         4527    i.HAL_UART_Receive_IT  stm32f1xx_hal_uart.o
    0x080032a6   0x00000002   PAD
    0x080032a8   0x00000084   Code   RO          175    i.HAL_UART_RxCpltCallback  app_usart.o
    0x0800332c   0x000000ba   Code   RO         4530    i.HAL_UART_Transmit  stm32f1xx_hal_uart.o
    0x080033e6   0x0000003e   Code   RO         4532    i.HAL_UART_Transmit_IT  stm32f1xx_hal_uart.o
    0x08003424   0x00000074   Code   RO          176    i.HAL_UART_TxCpltCallback  app_usart.o
    0x08003498   0x00000002   Code   RO          404    i.HardFault_Handler  stm32f1xx_it.o
    0x0800349a   0x00000002   PAD
    0x0800349c   0x0000000c   Code   RO          405    i.I2C1_EV_IRQHandler  stm32f1xx_it.o
    0x080034a8   0x0000004e   Code   RO         2933    i.I2C_DMAAbort      stm32f1xx_hal_i2c.o
    0x080034f6   0x00000002   PAD
    0x080034f8   0x00000124   Code   RO         2936    i.I2C_ITError       stm32f1xx_hal_i2c.o
    0x0800361c   0x00000028   Code   RO         2937    i.I2C_IsAcknowledgeFailed  stm32f1xx_hal_i2c.o
    0x08003644   0x000000c8   Code   RO         2938    i.I2C_MasterReceive_BTF  stm32f1xx_hal_i2c.o
    0x0800370c   0x000000ae   Code   RO         2939    i.I2C_MasterReceive_RXNE  stm32f1xx_hal_i2c.o
    0x080037ba   0x00000080   Code   RO         2942    i.I2C_MasterTransmit_BTF  stm32f1xx_hal_i2c.o
    0x0800383a   0x00000106   Code   RO         2943    i.I2C_MasterTransmit_TXE  stm32f1xx_hal_i2c.o
    0x08003940   0x0000011a   Code   RO         2944    i.I2C_Master_ADDR   stm32f1xx_hal_i2c.o
    0x08003a5a   0x0000005a   Code   RO         2945    i.I2C_Master_SB     stm32f1xx_hal_i2c.o
    0x08003ab4   0x000000f0   Code   RO         2946    i.I2C_RequestMemoryRead  stm32f1xx_hal_i2c.o
    0x08003ba4   0x000000a0   Code   RO         2947    i.I2C_RequestMemoryWrite  stm32f1xx_hal_i2c.o
    0x08003c44   0x000000dc   Code   RO         2949    i.I2C_Slave_STOPF   stm32f1xx_hal_i2c.o
    0x08003d20   0x0000004e   Code   RO         2950    i.I2C_WaitOnBTFFlagUntilTimeout  stm32f1xx_hal_i2c.o
    0x08003d6e   0x00000060   Code   RO         2951    i.I2C_WaitOnFlagUntilTimeout  stm32f1xx_hal_i2c.o
    0x08003dce   0x00000086   Code   RO         2952    i.I2C_WaitOnMasterAddressFlagUntilTimeout  stm32f1xx_hal_i2c.o
    0x08003e54   0x00000064   Code   RO         2953    i.I2C_WaitOnRXNEFlagUntilTimeout  stm32f1xx_hal_i2c.o
    0x08003eb8   0x0000004e   Code   RO         2954    i.I2C_WaitOnTXEFlagUntilTimeout  stm32f1xx_hal_i2c.o
    0x08003f06   0x00000002   PAD
    0x08003f08   0x00000034   Code   RO          305    i.MX_CAN_Init       main.o
    0x08003f3c   0x00000220   Code   RO          306    i.MX_GPIO_Init      main.o
    0x0800415c   0x00000038   Code   RO          307    i.MX_SPI2_Init      main.o
    0x08004194   0x0000007c   Code   RO          308    i.MX_TIM3_Init      main.o
    0x08004210   0x00000050   Code   RO          309    i.MX_TIM5_Init      main.o
    0x08004260   0x00000054   Code   RO          310    i.MX_TIM8_Init      main.o
    0x080042b4   0x00000002   Code   RO          406    i.MemManage_Handler  stm32f1xx_it.o
    0x080042b6   0x00000002   Code   RO          407    i.NMI_Handler       stm32f1xx_it.o
    0x080042b8   0x00000020   Code   RO         5302    i.NVIC_SetPriority  stm32f1xx_hal_cortex.o
    0x080042d8   0x00000002   Code   RO          408    i.PendSV_Handler    stm32f1xx_it.o
    0x080042da   0x00000020   Code   RO         3321    i.SPI_CheckFlag_BSY  stm32f1xx_hal_spi.o
    0x080042fa   0x00000096   Code   RO         3340    i.SPI_WaitFlagStateUntilTimeout  stm32f1xx_hal_spi.o
    0x08004390   0x00000002   Code   RO          409    i.SVC_Handler       stm32f1xx_it.o
    0x08004392   0x00000004   Code   RO          410    i.SysTick_Handler   stm32f1xx_it.o
    0x08004396   0x0000004e   Code   RO          311    i.SystemClock_Config  main.o
    0x080043e4   0x00000048   Code   RO         5740    i.SystemInit        system_stm32f1xx.o
    0x0800442c   0x0000000c   Code   RO          411    i.TIM1_BRK_TIM9_IRQHandler  stm32f1xx_it.o
    0x08004438   0x0000000c   Code   RO          412    i.TIM1_TRG_COM_TIM11_IRQHandler  stm32f1xx_it.o
    0x08004444   0x0000000c   Code   RO          413    i.TIM1_UP_TIM10_IRQHandler  stm32f1xx_it.o
    0x08004450   0x0000000c   Code   RO          414    i.TIM5_IRQHandler   stm32f1xx_it.o
    0x0800445c   0x0000000c   Code   RO          415    i.TIM6_IRQHandler   stm32f1xx_it.o
    0x08004468   0x0000000c   Code   RO          416    i.TIM7_IRQHandler   stm32f1xx_it.o
    0x08004474   0x0000001c   Code   RO          417    i.TIM8_BRK_TIM12_IRQHandler  stm32f1xx_it.o
    0x08004490   0x0000001c   Code   RO          418    i.TIM8_TRG_COM_TIM14_IRQHandler  stm32f1xx_it.o
    0x080044ac   0x0000001c   Code   RO          419    i.TIM8_UP_TIM13_IRQHandler  stm32f1xx_it.o
    0x080044c8   0x000000c8   Code   RO         3719    i.TIM_Base_SetConfig  stm32f1xx_hal_tim.o
    0x08004590   0x00000016   Code   RO         3720    i.TIM_CCxChannelCmd  stm32f1xx_hal_tim.o
    0x080045a6   0x00000014   Code   RO         3726    i.TIM_ETR_SetConfig  stm32f1xx_hal_tim.o
    0x080045ba   0x00000010   Code   RO         3727    i.TIM_ITRx_SetConfig  stm32f1xx_hal_tim.o
    0x080045ca   0x00000002   PAD
    0x080045cc   0x00000060   Code   RO         3728    i.TIM_OC1_SetConfig  stm32f1xx_hal_tim.o
    0x0800462c   0x0000006c   Code   RO         3729    i.TIM_OC2_SetConfig  stm32f1xx_hal_tim.o
    0x08004698   0x00000068   Code   RO         3730    i.TIM_OC3_SetConfig  stm32f1xx_hal_tim.o
    0x08004700   0x00000050   Code   RO         3731    i.TIM_OC4_SetConfig  stm32f1xx_hal_tim.o
    0x08004750   0x00000022   Code   RO         3733    i.TIM_TI1_ConfigInputStage  stm32f1xx_hal_tim.o
    0x08004772   0x00000024   Code   RO         3735    i.TIM_TI2_ConfigInputStage  stm32f1xx_hal_tim.o
    0x08004796   0x00000002   PAD
    0x08004798   0x0000000c   Code   RO          420    i.UART4_IRQHandler  stm32f1xx_it.o
    0x080047a4   0x0000000c   Code   RO          421    i.UART5_IRQHandler  stm32f1xx_it.o
    0x080047b0   0x00000010   Code   RO         4535    i.UART_DMAAbortOnError  stm32f1xx_hal_uart.o
    0x080047c0   0x0000001c   Code   RO         4545    i.UART_EndRxTransfer  stm32f1xx_hal_uart.o
    0x080047dc   0x00000096   Code   RO         4547    i.UART_Receive_IT   stm32f1xx_hal_uart.o
    0x08004872   0x00000002   PAD
    0x08004874   0x00000170   Code   RO         4548    i.UART_SetConfig    stm32f1xx_hal_uart.o
    0x080049e4   0x00000062   Code   RO         4549    i.UART_Transmit_IT  stm32f1xx_hal_uart.o
    0x08004a46   0x00000062   Code   RO         4550    i.UART_WaitOnFlagUntilTimeout  stm32f1xx_hal_uart.o
    0x08004aa8   0x0000000c   Code   RO          422    i.USART1_IRQHandler  stm32f1xx_it.o
    0x08004ab4   0x0000000c   Code   RO          423    i.USART2_IRQHandler  stm32f1xx_it.o
    0x08004ac0   0x0000000c   Code   RO          424    i.USART3_IRQHandler  stm32f1xx_it.o
    0x08004acc   0x0000000c   Code   RO          425    i.USB_HP_CAN1_TX_IRQHandler  stm32f1xx_it.o
    0x08004ad8   0x0000000c   Code   RO          426    i.USB_LP_CAN1_RX0_IRQHandler  stm32f1xx_it.o
    0x08004ae4   0x00000002   Code   RO          427    i.UsageFault_Handler  stm32f1xx_it.o
    0x08004ae6   0x0000000e   Code   RO         5830    i.__scatterload_copy  mc_w.l(handlers.o)
    0x08004af4   0x00000002   Code   RO         5831    i.__scatterload_null  mc_w.l(handlers.o)
    0x08004af6   0x0000000e   Code   RO         5832    i.__scatterload_zeroinit  mc_w.l(handlers.o)
    0x08004b04   0x00000030   Code   RO         1329    i.button_con        plc_test.o
    0x08004b34   0x00000064   Code   RO         2155    i.eMBFuncReadHoldingRegisterMaster  mb_func_holding.o
    0x08004b98   0x000000c2   Code   RO         2156    i.eMBFuncReadHoldingRegisterSlave  mb_func_holding.o
    0x08004c5a   0x00000004   Code   RO         2157    i.eMBFuncReadWriteMultipleHoldingRegisterMaster  mb_func_holding.o
    0x08004c5e   0x00000152   Code   RO         2158    i.eMBFuncReadWriteMultipleHoldingRegisterSlave  mb_func_holding.o
    0x08004db0   0x00000004   Code   RO         2159    i.eMBFuncWriteHoldingRegisterMaster  mb_func_holding.o
    0x08004db4   0x0000004c   Code   RO         2160    i.eMBFuncWriteHoldingRegisterSlave  mb_func_holding.o
    0x08004e00   0x00000020   Code   RO         2161    i.eMBFuncWriteMultipleHoldingRegisterMaster  mb_func_holding.o
    0x08004e20   0x00000144   Code   RO         2162    i.eMBFuncWriteMultipleHoldingRegisterSlave  mb_func_holding.o
    0x08004f64   0x000000e0   Code   RO         1767    i.eMBRegHoldingCB   mb_cb.o
    0x08005044   0x00000054   Code   RO         2350    i.eth_user_init     eth_user.o
    0x08005098   0x00000030   Code   RO         1331    i.finishRun         plc_test.o
    0x080050c8   0x0000024c   Code   RO          312    i.main              main.o
    0x08005314   0x00000060   Code   RO         2030    i.mb_ascii_frame_conform  mb_ascii.o
    0x08005374   0x00000054   Code   RO         2031    i.mb_ascii_init     mb_ascii.o
    0x080053c8   0x000000d4   Code   RO         2032    i.mb_ascii_receive  mb_ascii.o
    0x0800549c   0x00000028   Code   RO         2033    i.mb_ascii_rev_adjust  mb_ascii.o
    0x080054c4   0x00000070   Code   RO         2034    i.mb_ascii_segmentation  mb_ascii.o
    0x08005534   0x00000038   Code   RO         2035    i.mb_ascii_snd_frame  mb_ascii.o
    0x0800556c   0x00000058   Code   RO         2287    i.mb_err_frame      mb_err.o
    0x080055c4   0x0000001e   Code   RO         2312    i.mb_master_get_buf_id  mb_master.o
    0x080055e2   0x00000002   PAD
    0x080055e4   0x0000011c   Code   RO         1724    i.mb_port_init      mb_port.o
    0x08005700   0x00000114   Code   RO         1725    i.mb_port_poll      mb_port.o
    0x08005814   0x0000006c   Code   RO         1961    i.mb_rtu_frame_conform  mb_rtu.o
    0x08005880   0x00000054   Code   RO         1962    i.mb_rtu_init       mb_rtu.o
    0x080058d4   0x000000d0   Code   RO         1963    i.mb_rtu_out        mb_rtu.o
    0x080059a4   0x00000030   Code   RO         1965    i.mb_rtu_receive    mb_rtu.o
    0x080059d4   0x00000040   Code   RO         1966    i.mb_rtu_rev_adjust  mb_rtu.o
    0x08005a14   0x00000070   Code   RO         1967    i.mb_rtu_segmentation  mb_rtu.o
    0x08005a84   0x00000038   Code   RO         1968    i.mb_rtu_snd_frame  mb_rtu.o
    0x08005abc   0x00000038   Code   RO         1814    i.mb_serial_frame_info  mb_serial.o
    0x08005af4   0x00000004   Code   RO         1815    i.mb_serial_init    mb_serial.o
    0x08005af8   0x00000018   Code   RO         1816    i.mb_serial_rs485_dir  mb_serial.o
    0x08005b10   0x00000018   Code   RO         1876    i.mb_serial_rxd_frame_insert  mb_serial.o
    0x08005b28   0x000000c0   Code   RO         1864    i.mb_serial_send    mb_serial.o
    0x08005be8   0x0000000e   Code   RO         1859    i.mb_serial_txd_frame_delete  mb_serial.o
    0x08005bf6   0x00000018   Code   RO         1870    i.mb_serial_txd_frame_insert  mb_serial.o
    0x08005c0e   0x00000002   PAD
    0x08005c10   0x000000a8   Code   RO         2086    i.mb_tcp_frame_conform  mb_tcp.o
    0x08005cb8   0x00000030   Code   RO         2087    i.mb_tcp_init       mb_tcp.o
    0x08005ce8   0x0000006c   Code   RO         2088    i.mb_tcp_receive    mb_tcp.o
    0x08005d54   0x00000028   Code   RO         2090    i.mb_tcp_rev_adjust  mb_tcp.o
    0x08005d7c   0x00000084   Code   RO         2091    i.mb_tcp_segmentation  mb_tcp.o
    0x08005e00   0x00000038   Code   RO         2092    i.mb_tcp_snd_frame  mb_tcp.o
    0x08005e38   0x00000008   Code   RO         1937    i.mb_timer_rcv_disable  mb_timer.o
    0x08005e40   0x0000001a   Code   RO         1943    i.mb_timer_rcv_outtime  mb_timer.o
    0x08005e5a   0x00000014   Code   RO         1925    i.mb_timer_rcv_update  mb_timer.o
    0x08005e6e   0x00000018   Code   RO         1949    i.mb_timer_snd_outtime  mb_timer.o
    0x08005e86   0x00000014   Code   RO         1931    i.mb_timer_snd_update  mb_timer.o
    0x08005e9a   0x00000002   PAD
    0x08005e9c   0x0000023c   Code   RO         1689    i.mb_user_init      mb_user.o
    0x080060d8   0x00000024   Code   RO         1690    i.mb_user_poll      mb_user.o
    0x080060fc   0x00000204   Code   RO         1332    i.motor_astaone     plc_test.o
    0x08006300   0x000001b0   Code   RO         1333    i.motor_astatwo     plc_test.o
    0x080064b0   0x000000ec   Code   RO         1334    i.motor_step_waste_M5  plc_test.o
    0x0800659c   0x000000ec   Code   RO         1335    i.motor_step_waste_M6  plc_test.o
    0x08006688   0x000000e8   Code   RO         1336    i.motor_step_waste_M7  plc_test.o
    0x08006770   0x00000220   Code   RO         1337    i.motor_steptf      plc_test.o
    0x08006990   0x00000034   Code   RO         1006    i.plc_beep_feedback  plc_beep.o
    0x080069c4   0x000000c8   Code   RO         1008    i.plc_beep_modbus_read  plc_beep.o
    0x08006a8c   0x000000c8   Code   RO         1009    i.plc_beep_modbus_write  plc_beep.o
    0x08006b54   0x000000bc   Code   RO         1010    i.plc_beep_scan     plc_beep.o
    0x08006c10   0x00000024   Code   RO         1011    i.plc_beep_set      plc_beep.o
    0x08006c34   0x00000038   Code   RO         1435    i.plc_bridge_feedback  plc_bridge.o
    0x08006c6c   0x00000040   Code   RO         1437    i.plc_bridge_init   plc_bridge.o
    0x08006cac   0x0000009c   Code   RO         1438    i.plc_bridge_modbus_read  plc_bridge.o
    0x08006d48   0x0000009c   Code   RO         1439    i.plc_bridge_modbus_write  plc_bridge.o
    0x08006de4   0x00000094   Code   RO         1440    i.plc_bridge_scan   plc_bridge.o
    0x08006e78   0x00000048   Code   RO         1441    i.plc_bridge_set_dir  plc_bridge.o
    0x08006ec0   0x00000038   Code   RO         1442    i.plc_bridge_set_value  plc_bridge.o
    0x08006ef8   0x0000001c   Code   RO         1102    i.plc_button_init   plc_button.o
    0x08006f14   0x00000034   Code   RO         1103    i.plc_button_run    plc_button.o
    0x08006f48   0x00000002   Code   RO         1104    i.plc_button_run_beep  plc_button.o
    0x08006f4a   0x00000002   PAD
    0x08006f4c   0x00000048   Code   RO         1443    i.plc_button_run_bridge  plc_bridge.o
    0x08006f94   0x00000002   Code   RO         1106    i.plc_button_run_delay  plc_button.o
    0x08006f96   0x00000002   Code   RO         1107    i.plc_button_run_input  plc_button.o
    0x08006f98   0x00000044   Code   RO         1516    i.plc_button_run_motor  plc_motor.o
    0x08006fdc   0x00000002   Code   RO         1109    i.plc_button_run_switch  plc_button.o
    0x08006fde   0x00000002   PAD
    0x08006fe0   0x00000054   Code   RO         1110    i.plc_button_scan   plc_button.o
    0x08007034   0x00000034   Code   RO         1112    i.plc_button_stop   plc_button.o
    0x08007068   0x00000002   Code   RO         1113    i.plc_button_stop_beep  plc_button.o
    0x0800706a   0x00000002   PAD
    0x0800706c   0x00000054   Code   RO         1444    i.plc_button_stop_bridge  plc_bridge.o
    0x080070c0   0x00000002   Code   RO         1115    i.plc_button_stop_delay  plc_button.o
    0x080070c2   0x00000002   Code   RO         1116    i.plc_button_stop_input  plc_button.o
    0x080070c4   0x0000007c   Code   RO         1517    i.plc_button_stop_motor  plc_motor.o
    0x08007140   0x00000002   Code   RO         1118    i.plc_button_stop_switch  plc_button.o
    0x08007142   0x00000002   PAD
    0x08007144   0x00000010   Code   RO         1316    i.plc_can_receive   plc_can.o
    0x08007154   0x00000020   Code   RO         1063    i.plc_delay_feedback  plc_delay.o
    0x08007174   0x0000003c   Code   RO         1065    i.plc_delay_scan    plc_delay.o
    0x080071b0   0x0000001c   Code   RO         1226    i.plc_eep_init      plc_eep.o
    0x080071cc   0x0000002e   Code   RO         1227    i.plc_eep_modbus_read  plc_eep.o
    0x080071fa   0x00000028   Code   RO         1228    i.plc_eep_modbus_write  plc_eep.o
    0x08007222   0x00000002   PAD
    0x08007224   0x00000040   Code   RO         1229    i.plc_eep_read_buf  plc_eep.o
    0x08007264   0x00000060   Code   RO         1230    i.plc_eep_read_value  plc_eep.o
    0x080072c4   0x00000048   Code   RO         1231    i.plc_eep_write_buf  plc_eep.o
    0x0800730c   0x00000128   Code   RO          776    i.plc_flow_config   plc_flow.o
    0x08007434   0x00000064   Code   RO         1338    i.plc_flow_test_motor_scan  plc_test.o
    0x08007498   0x0000001c   Code   RO         1339    i.plc_flow_test_scan  plc_test.o
    0x080074b4   0x00000520   Code   RO         1340    i.plc_flow_test_switch_scan  plc_test.o
    0x080079d4   0x00000038   Code   RO          858    i.plc_input_feedback  plc_input.o
    0x08007a0c   0x00000024   Code   RO          859    i.plc_input_init    plc_input.o
    0x08007a30   0x00000070   Code   RO          860    i.plc_input_modbus_read  plc_input.o
    0x08007aa0   0x0000006c   Code   RO          861    i.plc_input_modbus_write  plc_input.o
    0x08007b0c   0x00000014   Code   RO          925    i.plc_input_read    plc_input.o
    0x08007b20   0x000000ac   Code   RO          862    i.plc_input_read_flow  plc_input.o
    0x08007bcc   0x00000064   Code   RO          863    i.plc_input_scan    plc_input.o
    0x08007c30   0x00000018   Code   RO          919    i.plc_input_write   plc_input.o
    0x08007c48   0x000000ca   Code   RO          817    i.plc_modbus_adjust  plc_modbus.o
    0x08007d12   0x0000009a   Code   RO          818    i.plc_modbus_read   plc_modbus.o
    0x08007dac   0x0000009a   Code   RO          819    i.plc_modbus_write  plc_modbus.o
    0x08007e46   0x00000002   PAD
    0x08007e48   0x00000014   Code   RO         1518    i.plc_motor_cur_postion  plc_motor.o
    0x08007e5c   0x00000014   Code   RO         1519    i.plc_motor_cur_status  plc_motor.o
    0x08007e70   0x00000124   Code   RO         1520    i.plc_motor_curve_buf_pos  plc_motor.o
    0x08007f94   0x000000ec   Code   RO         1521    i.plc_motor_curve_buf_rst  plc_motor.o
    0x08008080   0x00000094   Code   RO         1522    i.plc_motor_curve_init_pos  plc_motor.o
    0x08008114   0x00000070   Code   RO         1523    i.plc_motor_curve_init_rst  plc_motor.o
    0x08008184   0x00000040   Code   RO         1524    i.plc_motor_feedback  plc_motor.o
    0x080081c4   0x0000008c   Code   RO         1525    i.plc_motor_freq_down  plc_motor.o
    0x08008250   0x00000020   Code   RO         1526    i.plc_motor_init    plc_motor.o
    0x08008270   0x0000010c   Code   RO         1527    i.plc_motor_modbus_read  plc_motor.o
    0x0800837c   0x000001c4   Code   RO         1528    i.plc_motor_modbus_write  plc_motor.o
    0x08008540   0x00000070   Code   RO         1341    i.plc_motor_pos_flag  plc_test.o
    0x080085b0   0x00000064   Code   RO         1670    i.plc_motor_pul_action  plc_motor.o
    0x08008614   0x000000f4   Code   RO         1529    i.plc_motor_pul_action_pos  plc_motor.o
    0x08008708   0x000000d8   Code   RO         1530    i.plc_motor_pul_action_rst  plc_motor.o
    0x080087e0   0x00000040   Code   RO         1531    i.plc_motor_scan    plc_motor.o
    0x08008820   0x00000088   Code   RO         1532    i.plc_motor_set_bldc_flow  plc_motor.o
    0x080088a8   0x0000001c   Code   RO         1533    i.plc_motor_set_dir  plc_motor.o
    0x080088c4   0x00000014   Code   RO         1534    i.plc_motor_set_pul  plc_motor.o
    0x080088d8   0x000000ac   Code   RO         1535    i.plc_motor_set_step_pos_flow  plc_motor.o
    0x08008984   0x000000c4   Code   RO         1536    i.plc_motor_set_step_rst_flow  plc_motor.o
    0x08008a48   0x00000030   Code   RO         1537    i.plc_motor_timer_deletc  plc_motor.o
    0x08008a78   0x000000a0   Code   RO         1538    i.plc_motor_timer_insert  plc_motor.o
    0x08008b18   0x00000038   Code   RO          937    i.plc_switch_feedback  plc_switch.o
    0x08008b50   0x00000016   Code   RO          938    i.plc_switch_init   plc_switch.o
    0x08008b66   0x00000002   PAD
    0x08008b68   0x000000e8   Code   RO          939    i.plc_switch_modbus_read  plc_switch.o
    0x08008c50   0x000000e0   Code   RO          940    i.plc_switch_modbus_write  plc_switch.o
    0x08008d30   0x000000e4   Code   RO          941    i.plc_switch_scan   plc_switch.o
    0x08008e14   0x00000070   Code   RO          943    i.plc_switch_set_flow  plc_switch.o
    0x08008e84   0x00000094   Code   RO          944    i.plc_switch_set_port  plc_switch.o
    0x08008f18   0x00000034   Code   RO          723    i.plc_user_init     plc_user.o
    0x08008f4c   0x00000060   Code   RO          724    i.plc_user_scan     plc_user.o
    0x08008fac   0x00000018   Code   RO         2231    i.prveMBError2Exception  mb_utils.o
    0x08008fc4   0x0000001c   Code   RO         2264    i.prvucMBLRC        mb_crc.o
    0x08008fe0   0x00000030   Code   RO         2265    i.usMBCRC16         mb_crc.o
    0x08009010   0x00000200   Data   RO         2266    .constdata          mb_crc.o
    0x08009210   0x00000004   Data   RO         2530    .constdata          eth_type.o
    0x08009214   0x00000004   Data   RO         2531    .constdata          eth_type.o
    0x08009218   0x00000006   Data   RO         2532    .constdata          eth_type.o
    0x0800921e   0x00000004   Data   RO         2533    .constdata          eth_type.o
    0x08009222   0x00000001   Data   RO         2534    .constdata          eth_type.o
    0x08009223   0x00000004   Data   RO         2535    .constdata          eth_type.o
    0x08009227   0x00000001   PAD
    0x08009228   0x00000002   Data   RO         2536    .constdata          eth_type.o
    0x0800922a   0x00000010   Data   RO         5741    .constdata          system_stm32f1xx.o
    0x0800923a   0x00000008   Data   RO         5742    .constdata          system_stm32f1xx.o
    0x08009242   0x00000002   PAD
    0x08009244   0x00000020   Data   RO         5828    Region$$Table       anon$$obj.o


    Execution Region RW_IRAM1 (Base: 0x20000000, Size: 0x000069a0, Max: 0x00018000, ABSOLUTE)

    Base Addr    Size         Type   Attr      Idx    E Section Name        Object

    0x20000000   0x00000001   Data   RW          177    .data               app_usart.o
    0x20000001   0x00000001   Data   RW          725    .data               plc_user.o
    0x20000002   0x00000002   PAD
    0x20000004   0x00000008   Data   RW          779    .data               plc_flow.o
    0x2000000c   0x0000001c   Data   RW         1344    .data               plc_test.o
    0x20000028   0x00000016   Data   RW         1540    .data               plc_motor.o
    0x2000003e   0x00000001   Data   RW         1691    .data               mb_user.o
    0x2000003f   0x00000001   PAD
    0x20000040   0x000000c0   Data   RW         1726    .data               mb_port.o
    0x20000100   0x0000000a   Data   RW         1770    .data               mb_cb.o
    0x2000010a   0x00000002   Data   RW         2036    .data               mb_ascii.o
    0x2000010c   0x0000000c   Data   RW         2093    .data               mb_tcp.o
    0x20000118   0x0000000c   Data   RW         4846    .data               stm32f1xx_hal.o
    0x20000124   0x00000004   Data   RW         5743    .data               system_stm32f1xx.o
    0x20000128   0x000004d4   Zero   RW          313    .bss                main.o
    0x200005fc   0x000000c0   Zero   RW          778    .bss                plc_flow.o
    0x200006bc   0x00000198   Zero   RW          864    .bss                plc_input.o
    0x20000854   0x00000240   Zero   RW          945    .bss                plc_switch.o
    0x20000a94   0x00000020   Zero   RW         1012    .bss                plc_beep.o
    0x20000ab4   0x00000060   Zero   RW         1066    .bss                plc_delay.o
    0x20000b14   0x00000030   Zero   RW         1119    .bss                plc_button.o
    0x20000b44   0x00000014   Zero   RW         1233    .bss                plc_eep.o
    0x20000b58   0x00000044   Zero   RW         1291    .bss                plc_can.o
    0x20000b9c   0x0000001e   Zero   RW         1342    .bss                plc_test.o
    0x20000bba   0x00000002   PAD
    0x20000bbc   0x0000006c   Zero   RW         1445    .bss                plc_bridge.o
    0x20000c28   0x00000600   Zero   RW         1539    .bss                plc_motor.o
    0x20001228   0x00000030   Zero   RW         1769    .bss                mb_cb.o
    0x20001258   0x00000678   Zero   RW         1818    .bss                mb_serial.o
    0x200018d0   0x00000040   Zero   RW         1819    .bss                mb_serial.o
    0x20001910   0x0000008d   Zero   RW         2529    .bss                eth_type.o
    0x2000199d   0x00000003   PAD
    0x200019a0   0x00005000   Zero   RW          713    STACK               startup_stm32f103xg.o


==============================================================================

Image component sizes


      Code (inc. data)   RO Data    RW Data    ZI Data      Debug   Object Name

        20          6          0          0          0        796   app_can.o
       336         14          0          0          0     513865   app_exti.o
         4          0          0          0          0       1184   app_i2c.o
       148         42          0          0          0        896   app_tim.o
       248         70          0          1          0       1865   app_usart.o
       754         12          0          0          0       6344   eth_socket.o
       152         24          0          0          0       3098   eth_spi.o
         0          0         25          0        141       2887   eth_type.o
        84         12          0          0          0       2837   eth_user.o
       104         20          0          0          0       1234   eth_w5500.o
      1606        162          0          0       1236       8153   main.o
       600         38          0          2          0       5499   mb_ascii.o
       224          8          0         10         48       1773   mb_cb.o
        76          6        512          0          0       2001   mb_crc.o
        88          0          0          0          0        907   mb_err.o
      1072          0          0          0          0       8706   mb_func_holding.o
        30          0          0          0          0       1199   mb_master.o
       560         76          0        192          0       2690   mb_port.o
       680         36          0          0          0       5672   mb_rtu.o
       338         14          0          0       1720      10933   mb_serial.o
       552         46          0         12          0       5305   mb_tcp.o
        98          0          0          0          0       3081   mb_timer.o
       608         98          0          1          0       2086   mb_user.o
        24          0          0          0          0        612   mb_utils.o
       676         26          0          0         32       4588   plc_beep.o
       864         48          0          0        108       6778   plc_bridge.o
       232         26          0          0         48       6591   plc_button.o
        16          4          0          0         68       1263   plc_can.o
        92         10          0          0         96       1909   plc_delay.o
       346         20          0          0         20       5405   plc_eep.o
       296         12          0          8        192       6660   plc_flow.o
       628         44          0          0        408       5848   plc_input.o
       510         12          0          0          0       3289   plc_modbus.o
      3360        304          0         22       1536      19991   plc_motor.o
      1022         56          0          0        576       6301   plc_switch.o
      3924        254          0         28         30      11221   plc_test.o
       148         16          0          1          0       1376   plc_user.o
        36          8        304          0      20480        760   startup_stm32f103xg.o
       156         28          0         12          0       7487   stm32f1xx_hal.o
      1046          0          0          0          0      10366   stm32f1xx_hal_can.o
       194         14          0          0          0      27355   stm32f1xx_hal_cortex.o
       304          8          0          0          0       1159   stm32f1xx_hal_dma.o
       536         48          0          0          0       4086   stm32f1xx_hal_gpio.o
      4340         76          0          0          0      26460   stm32f1xx_hal_i2c.o
      1544        168          0          0          0       6486   stm32f1xx_hal_msp.o
      1292         96          0          0          0       5336   stm32f1xx_hal_rcc.o
      1324          0          0          0          0       6015   stm32f1xx_hal_spi.o
       130          0          0          0          0       1063   stm32f1xx_hal_spi_ex.o
      1760         88          0          0          0      16289   stm32f1xx_hal_tim.o
        84          0          0          0          0       2366   stm32f1xx_hal_tim_ex.o
      1460         10          0          0          0       9532   stm32f1xx_hal_uart.o
       396        114          0          0          0      14324   stm32f1xx_it.o
        72         16         24          4          0       1151   system_stm32f1xx.o

    ----------------------------------------------------------------------
     35252       2190        900        296      26744     815078   Object Totals
         0          0         32          0          0          0   (incl. Generated)
        58          0          3          3          5          0   (incl. Padding)

    ----------------------------------------------------------------------

      Code (inc. data)   RO Data    RW Data    ZI Data      Debug   Library Member Name

         0          0          0          0          0          0   entry.o
         0          0          0          0          0          0   entry10a.o
         0          0          0          0          0          0   entry11a.o
         8          4          0          0          0          0   entry2.o
         4          0          0          0          0          0   entry5.o
         0          0          0          0          0          0   entry7b.o
         0          0          0          0          0          0   entry8b.o
         8          4          0          0          0          0   entry9a.o
        30          0          0          0          0          0   handlers.o
        36          8          0          0          0         68   init.o
         0          0          0          0          0          0   iusefp.o
        30          0          0          0          0         68   llshl.o
        32          0          0          0          0         68   llushr.o
        36          0          0          0          0        108   memseta.o
        20          0          0          0          0         68   cfcmple.o
        20          0          0          0          0         68   cfrcmple.o
       186          0          0          0          0        176   depilogue.o
        62          0          0          0          0         80   dfixi.o
       228          0          0          0          0         96   dmul.o
        38          0          0          0          0         68   f2d.o
       176          0          0          0          0        140   fadd.o
       124          0          0          0          0         88   fdiv.o
       110          0          0          0          0        168   fepilogue.o
        40          0          0          0          0         68   ffixui.o
        10          0          0          0          0         68   ffltui.o
       100          0          0          0          0         76   fmul.o
        24          0          0          0          0         68   fscalb.o

    ----------------------------------------------------------------------
      1324         16          0          0          0       1544   Library Totals
         2          0          0          0          0          0   (incl. Padding)

    ----------------------------------------------------------------------

      Code (inc. data)   RO Data    RW Data    ZI Data      Debug   Library Name

       184         16          0          0          0        312   mc_w.l
      1138          0          0          0          0       1232   mf_w.l

    ----------------------------------------------------------------------
      1324         16          0          0          0       1544   Library Totals

    ----------------------------------------------------------------------

==============================================================================


      Code (inc. data)   RO Data    RW Data    ZI Data      Debug   

     36576       2206        900        296      26744     799458   Grand Totals
     36576       2206        900        296      26744     799458   ELF Image Totals
     36576       2206        900        296          0          0   ROM Totals

==============================================================================

    Total RO  Size (Code + RO Data)                37476 (  36.60kB)
    Total RW  Size (RW Data + ZI Data)             27040 (  26.41kB)
    Total ROM Size (Code + RO Data + RW Data)      37772 (  36.89kB)

==============================================================================

