<html>
<body>
<pre>
<h1>礦ision Build Log</h1>
<h2>Tool Versions:</h2>
IDE-Version: μVision V5.22.0.0
Copyright (C) 2016 ARM Ltd and ARM Germany GmbH. All rights reserved.
License Information: a admin, a, LIC=SDA0P-M70IH-RA8DM-XDRT4-2BWK4-9AES4
 
Tool Versions:
Toolchain:       MDK-ARM Plus  Version: 5.22
Toolchain Path:  C:\Keil_v5\ARM\ARMCC\Bin
C Compiler:      Armcc.exe V5.06 update 4 (build 422)
Assembler:       Armasm.exe V5.06 update 4 (build 422)
Linker/Locator:  ArmLink.exe V5.06 update 4 (build 422)
Library Manager: ArmAr.exe V5.06 update 4 (build 422)
Hex Converter:   FromElf.exe V5.06 update 4 (build 422)
CPU DLL:         SARMCM3.DLL V5.22
Dialog DLL:      DARMSTM.DLL V1.67.0.0
Target DLL:      Segger\JL2CM3.dll V2.99.23.0
Dialog DLL:      TARMSTM.DLL V1.66.0.0
 
<h2>Project:</h2>
E:\li\我的下位机程序(2.4)\IAP-MDK-V4.3.18c\MDK-ARM\IAP-MDK-V4.0.0.uvprojx
Project File Date:  04/29/2021

<h2>Output:</h2>
*** Using Compiler 'V5.06 update 4 (build 422)', folder: 'C:\Keil_v5\ARM\ARMCC\Bin'
Rebuild target 'IAP-MDK-V4.0.0'
compiling app_user.c...
compiling stm32f1xx_it.c...
compiling app_i2c.c...
compiling app_can.c...
assembling startup_stm32f103xg.s...
compiling app_exti.c...
compiling app_tim.c...
compiling app_usart.c...
compiling main.c...
compiling plc_user.c...
compiling plc_flow.c...
compiling plc_switch.c...
compiling plc_input.c...
compiling plc_beep.c...
compiling plc_modbus.c...
compiling stm32f1xx_hal_msp.c...
compiling plc_can.c...
compiling plc_eep.c...
compiling plc_delay.c...
compiling plc_test.c...
compiling plc_button.c...
compiling plc_bridge.c...
compiling plc_motor.c...
compiling mb_serial.c...
compiling mb_cb.c...
compiling mb_port.c...
compiling mb_timer.c...
compiling mb_ascii.c...
compiling mb_user.c...
compiling mb_rtu.c...
compiling mb_crc.c...
compiling eth_user.c...
compiling eth_socket.c...
compiling eth_type.c...
compiling eth_w5500.c...
compiling eth_spi.c...
compiling mb_err.c...
compiling mb_tcp.c...
compiling mb_func_holding.c...
compiling mb_master.c...
compiling mb_utils.c...
compiling stm32f1xx_hal_gpio_ex.c...
compiling stm32f1xx_hal_spi_ex.c...
compiling stm32f1xx_hal_spi.c...
compiling stm32f1xx_hal_can.c...
compiling stm32f1xx_hal_tim_ex.c...
compiling stm32f1xx_hal_i2c.c...
compiling stm32f1xx_hal_tim.c...
compiling stm32f1xx_hal.c...
compiling stm32f1xx_hal_rcc_ex.c...
compiling stm32f1xx_hal_dma.c...
compiling stm32f1xx_hal_cortex.c...
compiling stm32f1xx_hal_gpio.c...
compiling stm32f1xx_hal_uart.c...
compiling stm32f1xx_hal_rcc.c...
compiling stm32f1xx_hal_pwr.c...
compiling system_stm32f1xx.c...
compiling stm32f1xx_hal_flash_ex.c...
compiling stm32f1xx_hal_flash.c...
linking...
Program Size: Code=36576 RO-data=900 RW-data=296 ZI-data=26744  
FromELF: creating hex file...
"IAP-MDK-V4.0.0\IAP-MDK-V4.0.0" - 0 Error(s), 0 Warning(s).

<h2>Software Packages used:</h2>

Package Vendor: ARM
                http://www.keil.com/pack/ARM.CMSIS.5.0.0.pack
                ARM::CMSIS:CORE:5.0.0
                CMSIS (Cortex Microcontroller Software Interface Standard)
   * Component: CORE Version: 5.0.0

<h2>Collection of Component include folders:</h2>
  E:\li\我的下位机程序(2.4)\IAP-MDK-V4.3.18c\MDK-ARM\RTE\_IAP-MDK-V4.0.0
  C:\Keil_v5\ARM\PACK\ARM\CMSIS\5.0.0\CMSIS\Include
  C:\Keil_v5\ARM\PACK\Keil\STM32F1xx_DFP\2.1.0\Device\Include

<h2>Collection of Component Files used:</h2>

   * Component: ARM::CMSIS:CORE:5.0.0
Build Time Elapsed:  00:00:14
</pre>
</body>
</html>
